Script started on 2020-09-17 12:41:37-04:00 [TERM="xterm-256color" TTY="/dev/pts/1" COLUMNS="136" LINES="72"]
bestus1@remote07:~/i220a/submit/lab3$ exitscript lab3.LOGS[C[C[C[C[C[C[C[C[C[C[C[C[C[Ccd ~/i220a/submit/lab3exit[Kcd bin[3Pbinls /bin*[rc][1P/bin[4Pbincd bin[2Pexitcd ~/i220a/submit/lab3[7PScript lab3.LOGs[C[C[C[C[C[C[C[C[C[C[C[C[C[Cexit[K[Kmkdir dir[K[K[K[K[K[K[K[K[Kcd exercises
bestus1@remote07:~/i220a/submit/lab3/exercises$ mkdir dir
bestus1@remote07:~/i220a/submit/lab3/exercises$ touch t1.c T1.s v.c v1.s x.c dir/t2.c dir/t2,.[K[K,s1[K[K[K.s1 dir/t3
bestus1@remote07:~/i220a/submit/lab3/exercises$ ls
dir  t1.c  T1.s  v1.s  v.c  x.c
bestus1@remote07:~/i220a/submit/lab3/exercises$ ls -l
total 0
drwxr-x--- 2 bestus1 bestus1 54 Sep 17 12:42 dir
-rw-r----- 1 bestus1 bestus1  0 Sep 17 12:42 t1.c
-rw-r----- 1 bestus1 bestus1  0 Sep 17 12:42 T1.s
-rw-r----- 1 bestus1 bestus1  0 Sep 17 12:42 v1.s
-rw-r----- 1 bestus1 bestus1  0 Sep 17 12:42 v.c
-rw-r----- 1 bestus1 bestus1  0 Sep 17 12:42 x.c
bestus1@remote07:~/i220a/submit/lab3/exercises$ ls -tl
total 0
drwxr-x--- 2 bestus1 bestus1 54 Sep 17 12:42 dir
-rw-r----- 1 bestus1 bestus1  0 Sep 17 12:42 x.c
-rw-r----- 1 bestus1 bestus1  0 Sep 17 12:42 v1.s
-rw-r----- 1 bestus1 bestus1  0 Sep 17 12:42 v.c
-rw-r----- 1 bestus1 bestus1  0 Sep 17 12:42 T1.s
-rw-r----- 1 bestus1 bestus1  0 Sep 17 12:42 t1.c
bestus1@remote07:~/i220a/submit/lab3/exercises$ ls /dr[Kir
ls: cannot access '/dir': No such file or directory
bestus1@remote07:~/i220a/submit/lab3/exercises$ ls /dir[1Pdir[C[C[C/
t2.c  t2.s1  t3
bestus1@remote07:~/i220a/submit/lab3/exercises$ ls dir/ -l
total 0
-rw-r----- 1 bestus1 bestus1 0 Sep 17 12:42 t2.c
-rw-r----- 1 bestus1 bestus1 0 Sep 17 12:42 t2.s1
-rw-r----- 1 bestus1 bestus1 0 Sep 17 12:42 t3
bestus1@remote07:~/i220a/submit/lab3/exercises$ ls dir/ -l[K -l[Kt
t3  t2.s1  t2.c
bestus1@remote07:~/i220a/submit/lab3/exercises$ ls dir/ -tl
total 0
-rw-r----- 1 bestus1 bestus1 0 Sep 17 12:42 t3
-rw-r----- 1 bestus1 bestus1 0 Sep 17 12:42 t2.s1
-rw-r----- 1 bestus1 bestus1 0 Sep 17 12:42 t2.c
bestus1@remote07:~/i220a/submit/lab3/exercises$ man touch
[?1049h[22;0;0t[?1h=TOUCH(1)                                                    User Commands                                                   TOUCH(1)[m
[m
[1mNAME[0m[m
       touch - change file timestamps[m
[m
[1mSYNOPSIS[0m[m
       [1mtouch[0m [[4mOPTION[24m]... [4mFILE[24m...[m
[m
[1mDESCRIPTION[0m[m
       Update the access and modification times of each FILE to the current time.[m
[m
       A FILE argument that does not exist is created empty, unless [1m-c[0m or [1m-h[0m is supplied.[m
[m
       A  FILE  argument  string of - is handled specially and causes touch to change the times of the file associated with standard[m
       output.[m
[m
       Mandatory arguments to long options are mandatory for short options too.[m
[m
       [1m-a[0m     change only the access time[m
[m
       [1m-c[0m, [1m--no-create[0m[m
              do not create any files[m
[m
       [1m-d[0m, [1m--date[0m=[4mSTRING[24m[m
              parse STRING and use it instead of current time[m
[m
       [1m-f[0m     (ignored)[m
[m
       [1m-h[0m, [1m--no-dereference[0m[m
              affect each symbolic link instead of any referenced file (useful only on systems that can change the timestamps  of  a[m
              symlink)[m
[m
       [1m-m[0m     change only the modification time[m
[m
       [1m-r[0m, [1m--reference[0m=[4mFILE[24m[m
              use this file's times instead of current time[m
[m
       [1m-t[0m STAMP[m
              use [[CC]YY]MMDDhhmm[.ss] instead of current time[m
[m
       [1m--time[0m=[4mWORD[24m[m
              change the specified time: WORD is access, atime, or use: equivalent to [1m-a[0m WORD is modify or mtime: equivalent to [1m-m[0m[m
[m
       [1m--help[0m display this help and exit[m
[m
       [1m--version[0m[m
              output version information and exit[m
[m
       Note that the [1m-d[0m and [1m-t[0m options accept different time-date formats.[m
[m
[1mDATE[0m [1mSTRING[0m[m
       The --date=STRING is a mostly free format human readable date string such as "Sun, 29 Feb 2004 16:21:42 -0800" or "2004-02-29[m
       16:21:42" or even "next Thursday".  A date string may contain items indicating calendar date, time of day, time zone, day  of[m
       week, relative time, relative date, and numbers.  An empty string indicates the beginning of the day.  The date string format[m
       is more complex than is easily documented here but is fully described in the info documentation.[m
[m
[1mAUTHOR[0m[m
       Written by Paul Rubin, Arnold Robbins, Jim Kingdon, David MacKenzie, and Randy Smith.[m
[m
[1mREPORTING[0m [1mBUGS[0m[m
       GNU coreutils online help: <https://www.gnu.org/software/coreutils/>[m
       Report touch translation bugs to <https://translationproject.org/team/>[m
[m
[1mCOPYRIGHT[0m[m
       Copyright Â© 2018  Free  Software  Foundation,  Inc.   License  GPLv3+:  GNU  GPL  version  3  or  later  <https://gnu.org/liâ€[m
       censes/gpl.html>.[m
       This is free software: you are free to change and redistribute it.  There is NO WARRANTY, to the extent permitted by law.[m
[m
[1mSEE[0m [1mALSO[0m[m
       Full documentation at: <https://www.gnu.org/software/coreutils/touch>[m
       or available locally via: info '(coreutils) touch invocation'[m
[7m Manual page touch(1) line 1 (press h for help or q to quit)[27m[K[K [KESCESC[K[[[K66[K~~[K[m
GNU coreutils 8.30                                          February 2019                                                   TOUCH(1)[m
[7m Manual page touch(1) line 3/73 (END) (press h for help or q to quit)[27m[K[K[?1l>[?1049l[23;0;0tbestus1@remote07:~/i220a/submit/lab3/exercises$ man ls
[?1049h[22;0;0t[?1h=LS(1)                                                       User Commands                                                      LS(1)[m
[m
[1mNAME[0m[m
       ls - list directory contents[m
[m
[1mSYNOPSIS[0m[m
       [1mls[0m [[4mOPTION[24m]... [[4mFILE[24m]...[m
[m
[1mDESCRIPTION[0m[m
       List  information  about  the FILEs (the current directory by default).  Sort entries alphabetically if none of [1m-cftuvSUX[0m nor[m
       [1m--sort[0m is specified.[m
[m
       Mandatory arguments to long options are mandatory for short options too.[m
[m
       [1m-a[0m, [1m--all[0m[m
              do not ignore entries starting with .[m
[m
       [1m-A[0m, [1m--almost-all[0m[m
              do not list implied . and ..[m
[m
       [1m--author[0m[m
              with [1m-l[0m, print the author of each file[m
[m
       [1m-b[0m, [1m--escape[0m[m
              print C-style escapes for nongraphic characters[m
[m
       [1m--block-size[0m=[4mSIZE[24m[m
              with [1m-l[0m, scale sizes by SIZE when printing them; e.g., '--block-size=M'; see SIZE format below[m
[m
       [1m-B[0m, [1m--ignore-backups[0m[m
              do not list implied entries ending with ~[m
[m
       [1m-c[0m     with [1m-lt[0m: sort by, and show, ctime (time of last modification of file status information); with  [1m-l[0m:  show  ctime  and[m
              sort by name; otherwise: sort by ctime, newest first[m
[m
       [1m-C[0m     list entries by columns[m
[m
       [1m--color[0m[=[4mWHEN[24m][m
              colorize the output; WHEN can be 'always' (default if omitted), 'auto', or 'never'; more info below[m
[m
       [1m-d[0m, [1m--directory[0m[m
              list directories themselves, not their contents[m
[m
       [1m-D[0m, [1m--dired[0m[m
              generate output designed for Emacs' dired mode[m
[m
       [1m-f[0m     do not sort, enable [1m-aU[0m, disable [1m-ls[0m [1m--color[0m[m
[m
       [1m-F[0m, [1m--classify[0m[m
              append indicator (one of */=>@|) to entries[m
[m
       [1m--file-type[0m[m
              likewise, except do not append '*'[m
[m
       [1m--format[0m=[4mWORD[24m[m
              across [1m-x[0m, commas [1m-m[0m, horizontal [1m-x[0m, long [1m-l[0m, single-column [1m-1[0m, verbose [1m-l[0m, vertical [1m-C[0m[m
[m
       [1m--full-time[0m[m
              like [1m-l[0m [1m--time-style[0m=[4mfull-iso[24m[m
[m
       [1m-g[0m     like [1m-l[0m, but do not list owner[m
[m
       [1m--group-directories-first[0m[m
              group directories before files;[m
[m
              can be augmented with a [1m--sort[0m option, but any use of [1m--sort[0m=[4mnone[24m ([1m-U[0m) disables grouping[m
[m
       [1m-G[0m, [1m--no-group[0m[m
              in a long listing, don't print group names[m
[m
       [1m-h[0m, [1m--human-readable[0m[m
[7m Manual page ls(1) line 1 (press h for help or q to quit)[27m[K[K[?1l>[?1049l[23;0;0tbestus1@remote07:~/i220a/submit/lab3/exercises$ ls T*
T1.s
bestus1@remote07:~/i220a/submit/lab3/exercises$ ls dir/*.?
dir/t2.c
bestus1@remote07:~/i220a/submit/lab3/exercises$ ls [K [t-v]*.c
t1.c  v.c
bestus1@remote07:~/i220a/submit/lab3/exercises$ ls /bin/ ?[p-s]
ls: cannot access '?[p-s]': No such file or directory
/bin/:
bash	      cp	     fusermount  lsblk		 ntfscat	rbash	    systemd			    unicode_start
bunzip2       cpio	     getfacl	 lsmod		 ntfscluster	readlink    systemd-ask-password	    vdir
busybox       csh	     grep	 mkdir		 ntfscmp	red	    systemd-escape		    wdctl
bzcat	      dash	     gunzip	 mknod		 ntfsfallocate	rm	    systemd-hwdb		    which
bzcmp	      date	     gzexe	 mktemp		 ntfsfix	rmdir	    systemd-inhibit		    ypdomainname
bzdiff	      dd	     gzip	 more		 ntfsinfo	rnano	    systemd-machine-id-setup	    zcat
bzegrep       df	     hciconfig	 mount		 ntfsls		run-parts   systemd-notify		    zcmp
bzexe	      dir	     hostname	 mountpoint	 ntfsmove	rzsh	    systemd-sysusers		    zdiff
bzfgrep       dmesg	     ip		 mt		 ntfsrecover	sed	    systemd-tmpfiles		    zegrep
bzgrep	      dnsdomainname  journalctl  mt-gnu		 ntfssecaudit	setfacl     systemd-tty-ask-password-agent  zfgrep
bzip2	      domainname     kbd_mode	 mv		 ntfstruncate	setfont     tar				    zforce
bzip2recover  dumpkeys	     keyctl	 nano		 ntfsusermap	setupcon    tcsh			    zgrep
bzless	      echo	     kill	 nc		 ntfswipe	sh	    tempfile			    zless
bzmore	      ed	     kmod	 nc.traditional  openvt		sh.distrib  touch			    zmore
cat	      egrep	     ln		 netcat		 pidof		sleep	    true			    znew
chacl	      false	     loadkeys	 netstat	 ping		ss	    udevadm			    zsh
chgrp	      fgconsole      login	 networkctl	 ping4		stty	    ulockmgr_server		    zsh5
chmod	      fgrep	     loginctl	 nisdomainname	 ping6		su	    umount
chown	      findmnt	     lowntfs-3g  ntfs-3g	 ps		sync	    uname
chvt	      fuser	     ls		 ntfs-3g.probe	 pwd		systemctl   uncompress
bestus1@remote07:~/i220a/submit/lab3/exercises$ ls /bin/ ?[p-s][C[C[C[C[C[C[C*
ls: cannot access '?[p-s]*': No such file or directory
/bin/:
bash	      cp	     fusermount  lsblk		 ntfscat	rbash	    systemd			    unicode_start
bunzip2       cpio	     getfacl	 lsmod		 ntfscluster	readlink    systemd-ask-password	    vdir
busybox       csh	     grep	 mkdir		 ntfscmp	red	    systemd-escape		    wdctl
bzcat	      dash	     gunzip	 mknod		 ntfsfallocate	rm	    systemd-hwdb		    which
bzcmp	      date	     gzexe	 mktemp		 ntfsfix	rmdir	    systemd-inhibit		    ypdomainname
bzdiff	      dd	     gzip	 more		 ntfsinfo	rnano	    systemd-machine-id-setup	    zcat
bzegrep       df	     hciconfig	 mount		 ntfsls		run-parts   systemd-notify		    zcmp
bzexe	      dir	     hostname	 mountpoint	 ntfsmove	rzsh	    systemd-sysusers		    zdiff
bzfgrep       dmesg	     ip		 mt		 ntfsrecover	sed	    systemd-tmpfiles		    zegrep
bzgrep	      dnsdomainname  journalctl  mt-gnu		 ntfssecaudit	setfacl     systemd-tty-ask-password-agent  zfgrep
bzip2	      domainname     kbd_mode	 mv		 ntfstruncate	setfont     tar				    zforce
bzip2recover  dumpkeys	     keyctl	 nano		 ntfsusermap	setupcon    tcsh			    zgrep
bzless	      echo	     kill	 nc		 ntfswipe	sh	    tempfile			    zless
bzmore	      ed	     kmod	 nc.traditional  openvt		sh.distrib  touch			    zmore
cat	      egrep	     ln		 netcat		 pidof		sleep	    true			    znew
chacl	      false	     loadkeys	 netstat	 ping		ss	    udevadm			    zsh
chgrp	      fgconsole      login	 networkctl	 ping4		stty	    ulockmgr_server		    zsh5
chmod	      fgrep	     loginctl	 nisdomainname	 ping6		su	    umount
chown	      findmnt	     lowntfs-3g  ntfs-3g	 ps		sync	    uname
chvt	      fuser	     ls		 ntfs-3g.probe	 pwd		systemctl   uncompress
bestus1@remote07:~/i220a/submit/lab3/exercises$ ls /bin/ ?[p-s]*[C[C[C[C[C[C[C[C[C[C[C[C[C[C[C[1P
ls: cannot access 'bin/': No such file or directory
ls: cannot access '?[p-s]*': No such file or directory
bestus1@remote07:~/i220a/submit/lab3/exercises$ ls bin/ ?[p-s]*[1P?[p-s]*
ls: cannot access 'bin/?[p-s]*': No such file or directory
bestus1@remote07:~/i220a/submit/lab3/exercises$ ls bin/?[p-s]*[C/bin/?[p-s]*
/bin/cp    /bin/csh   /bin/ip  /bin/lsblk  /bin/openvt	/bin/ss    /bin/ypdomainname  /bin/zsh5
/bin/cpio  /bin/grep  /bin/ls  /bin/lsmod  /bin/ps	/bin/true  /bin/zsh
bestus1@remote07:~/i220a/submit/lab3/exercises$ ls /bin/?[p-s]*[C[1P/?[p-s]*[1P/?[p-s]*[1P/?[p-s]*e/?[p-s]*t/?[p-s]*c/?[p-s]*[C[C[C[C[C[C[C[C[K[K[K[K[K[K[K*[rc][K[K][r[Kc]
/etc/bash.bashrc  /etc/gnashpluginrc	 /etc/inputrc	    /etc/Muttrc      /etc/quilt.quiltrc  /etc/slsh.rc
/etc/chktexrc	  /etc/gnashrc		 /etc/mail.rc	    /etc/nanorc      /etc/sbclrc	 /etc/wgetrc
/etc/csh.cshrc	  /etc/gnashthumbnailrc  /etc/matplotlibrc  /etc/pbuilderrc  /etc/screenrc
bestus1@remote07:~/i220a/submit/lab3/exercises$ ls /etc/*[r][c][C[1Pc/*[r][c]bin/?[p-s]*[C[1P*[1P*[C[K[K[K[K??
/bin/cat  /bin/csh  /bin/dir  /bin/pwd	/bin/red  /bin/sed  /bin/tar  /bin/zsh
bestus1@remote07:~/i220a/submit/lab3/exercises$ ls > ls.log
bestus1@remote07:~/i220a/submit/lab3/exercises$ cat ls.log
dir
ls.log
t1.c
T1.s
v1.s
v.c
x.c
bestus1@remote07:~/i220a/submit/lab3/exercises$ car[Kt > cat.log[K[K[K[K[Kt.log
hdiauwhdaiwdgayusudgaqiwuegq8ydagidigwaidgaiusdgwuaygishoguhdoajopwhyaiyfeufheyuagfauyfgsagsq ^C
bestus1@remote07:~/i220a/submit/lab3/exercises$ caat[K[Kt cat.log
hdiauwhdaiwdgayusudgaqiwuegq8ydagidigwaidgaiusdgwuaygishoguhdoajopwhyaiyfeufheyuagfauyfgsagsbestus1@remote07:~/i220a/submit/lab3/exercises$ ld dir/ >>ls.log
ld: cannot find dir/: file format not recognized
bestus1@remote07:~/i220a/submit/lab3/exercises$ ld dir/ >>ls.log[1P[1@s
bestus1@remote07:~/i220a/submit/lab3/exercises$ cat ls.log
dir
ls.log
t1.c
T1.s
v1.s
v.c
x.c
t2.c
t2.s1
t3
bestus1@remote07:~/i220a/submit/lab3/exercises$ cat < ls.log
dir
ls.log
t1.c
T1.s
v1.s
v.c
x.c
t2.c
t2.s1
t3
bestus1@remote07:~/i220a/submit/lab3/exercises$ wc -l[K[K[K[K[Kls | wc -l
8
bestus1@remote07:~/i220a/submit/lab3/exercises$ ls /bin/???? | wc -l
23
bestus1@remote07:~/i220a/submit/lab3/exercises$ ls [K /bin/c* >bin.c[K[K-c.log
bestus1@remote07:~/i220a/submit/lab3/exercises$ cat binc[K-c.log
/bin/cat
/bin/chacl
/bin/chgrp
/bin/chmod
/bin/chown
/bin/chvt
/bin/cp
/bin/cpio
/bin/csh
bestus1@remote07:~/i220a/submit/lab3/exercises$ car[Kt bin-c.log | wc -l
9
bestus1@remote07:~/i220a/submit/lab3/exercises$ sl /[K[K[K[Kls /etc [K/ -R
/etc/:
3270			       email-addresses		   latex2html.conf	      ODBCDataSources	    security
a2ps.cfg		       environment		   LatexMk		      odbc.ini		    selinux
a2ps-site.cfg		       environment.d		   ldap			      odbcinst.ini	    sensors3.conf
acpi			       ethertypes		   ld.so.cache		      openal		    sensors.d
adduser.conf		       exim4			   ld.so.conf		      OpenCL		    services
adjtime			       fail2ban			   ld.so.conf.d		      openmpi		    sgml
aliases			       fdmount.conf		   libao.conf		      opensc		    shadow
alsa			       firebird			   libaudit.conf	      openvpn		    shadow-
alternatives		       firefox-esr		   libblockdev		      opt		    shells
anacrontab		       fonts			   libccid_Info.plist	      os-release	    skel
apache2			       freeipmi			   libgda-5.0		      PackageKit	    slsh.rc
apm			       fstab			   libibverbs.d		      pam.conf		    smartd.conf
apparmor		       fstab.save		   libnl-3		      pam.d		    smartmontools
apparmor.d		       fstab.save.1		   libnss-ldap.conf	      pam_ldap.conf	    smi.conf
apt			       fuse.conf		   libnss-ldap.conf.class     pam_ldap.conf.class   snmp
apt-venv.conf		       gai.conf			   libnss-ldap.conf.linux     pam_ldap.conf.linux   sound
at.deny			       gamin			   libpaper.d		      papersize		    speech-dispatcher
at-spi2			       gconf			   libreoffice		      passwd		    ssh
autoconf2.13		       gdb			   lightdm		      passwd-		    ssl
avahi			       geoclue			   lighttpd		      pbuilder		    staff-group-for-usr-local
bash.bashrc		       ghostscript		   lisp-config.lisp	      pbuilderrc	    stunnel
bash_completion		       gimp			   lldpd.d		      perl		    subgid
bash_completion.d	       git-buildpackage		   locale.alias		      php		    subgid-
bindresvport.blacklist	       glvnd			   locale.gen		      piuparts		    subuid
binfmt.d		       gnashpluginrc		   localtime		      pm		    subuid-
bluetooth		       gnashrc			   logcheck		      polkit-1		    subversion
bogofilter.cf		       gnashthumbnailrc		   login.defs		      postgresql-common     sudoers
bonobo-activation	       gnome			   login.warn		      ppp		    sudoers.d
bootchartd.conf		       gnome-vfs-2.0		   logrotate.conf	      printcap		    sudoers.old
ca-certificates		       gnome-vfs-mime-magic	   logrotate.conf.dpkg-old    profile		    sudoers.save
ca-certificates.conf	       GNUstep			   logrotate.d		      profile.d		    sv
ca-certificates.conf.dpkg-old  go-mmproxy		   logrotate.d.save	      protocols		    sysctl.conf
calendar		       groff			   ltrace.conf		      pulse		    sysctl.d
chatscripts		       groovy			   lynx			      purple		    sysfs.conf
chktexrc		       group			   machine-id		      python		    sysfs.d
chromium		       group-			   magic		      python2.7		    sysstat
chromium.d		       gshadow			   magic.mime		      python3		    systemd
cifs-utils		       gshadow-			   mailcap		      python3.5		    terminfo
common-lisp		       gss			   mailcap.order	      python3.7		    tex4ht
complete.tcsh		       gssapi_mech.conf		   mailname		      qemu-ifdown	    texmf
console			       gssapi_mech.conf.dpkg-dist  mail.rc		      qemu-ifup		    thunderbird
console-setup		       gtk-2.0			   manpath.config	      quilt.quiltrc	    tigervnc
cowpoke.conf		       gtk-3.0			   matplotlibrc		      quotagrpadmins	    timezone
cracklib		       hddtemp.db		   matplotlibrc2	      quotatab		    timidity
cron.d			       hdparm.conf		   mediaprm		      R			    tmpfiles.d
cron.daily		       highlight		   mercurial		      racket		    ucf.conf
cron.hourly		       host.conf		   mime.types		      rarfiles.lst	    udev
cron.monthly		       hostname			   minicom		      rc0.d		    udisks2
crontab			       hosts			   mke2fs.conf		      rc1.d		    ufw
cron.weekly		       hosts.allow		   modprobe.d		      rc2.d		    updatedb.conf
cruft			       hosts.class		   modules		      rc3.d		    update-motd.d
csh			       hosts.deny		   modules-load.d	      rc4.d		    UPower
csh.cshrc		       hosts.external		   monit		      rc5.d		    usb_modeswitch.conf
csh.login		       hosts.internal		   motd			      rc6.d		    usb_modeswitch.d
csh.logout		       idmapd.conf		   mtab			      rc.local		    vbox
cupshelpers		       idmapd.conf.ucf-dist	   mtools.conf		      rcS.d		    vdpau_wrapper.cfg
cvsdeb.conf		       ifplugd			   Muttrc		      reader.conf.d	    video_format
dat.conf		       ImageMagick-6		   Muttrc.d		      rearj.cfg		    vim
dbus-1			       init			   mysql		      reportbug.conf	    visualvm
debconf.conf		       init.d			   nanorc		      request-key.conf	    vmware-tools
debian_version		       initramfs-tools		   netconf		      request-key.d	    vnc.conf
debsums-ignore		       inputrc			   netconfig		      resolv.conf	    vulkan
debtree			       insserv			   netgroup		      resolvconf	    w3m
default			       insserv.conf		   netscsid.conf	      resolv.conf.class     warnquota.conf
deluser.conf		       insserv.conf.d		   network		      resolv.conf.external  wgetrc
devscripts.conf		       installed_packages	   NetworkManager	      resolv.conf.internal  wildmidi
dhcp			       iproute2			   networks		      rlwrap		    wireshark
dictionaries-common	       iscsi			   nftables.conf	      rmt		    wodim.conf
dirmngr			       issue			   nscd.conf		      rpc		    wpa_supplicant
discover.conf.d		       issue.net		   nslcd.conf		      rsyslog.conf	    X11
discover-modprobe.conf	       java			   nslcd.conf.buster-upgrade  rsyslog.d		    x2go
dkms			       java-10-oracle		   nslcd.conf.class	      rsyslog-haproxy.conf  xattr.conf
dleyna-server-service.conf     java-11-oracle		   nslcd.conf.linux	      rsyslog-normal.conf   xdg
doc-base		       java-8-oracle		   nsswitch.conf	      runit		    xfce4
dpkg			       jed.d			   ntp.conf		      samba		    xml
dpkg-list		       jython			   ntp.conf.dpkg-old	      sane.d		    xpdf
dput.cf			       kernel			   nvcc.profile		      sbclrc		    xprofile
e2scrub.conf		       kernel-img.conf		   nvidia		      scite		    zsh
eclipse.ini		       krb5.conf		   nxagent		      screenrc
emacs			       krb5.keytab		   ocamlfind.conf	      securetty

/etc/3270:
ibm_hosts

/etc/acpi:
events	powerbtn-acpi-support.sh

/etc/acpi/events:
powerbtn-acpi-support

/etc/alsa:
conf.d

/etc/alsa/conf.d:
10-rate-lav.conf    50-arcam-av-ctl.conf  50-pulseaudio.conf   60-vdownmix.conf			   99-pulse.conf
10-samplerate.conf  50-jack.conf	  60-a52-encoder.conf  98-usb-stream.conf
10-speexrate.conf   50-oss.conf		  60-upmix.conf        99-pulseaudio-default.conf.example

/etc/alternatives:
ABORT.7.gz				    javap
aclocal					    javap.1
aclocal.1.gz				    javapackager
ALTER_AGGREGATE.7.gz			    javapackager.1.gz
ALTER_COLLATION.7.gz			    javaws
ALTER_CONVERSION.7.gz			    javaws.1.gz
ALTER_DATABASE.7.gz			    javaws.real
ALTER_DEFAULT_PRIVILEGES.7.gz		    jcmd
ALTER_DOMAIN.7.gz			    jcmd.1
ALTER_EVENT_TRIGGER.7.gz		    jconsole
ALTER_EXTENSION.7.gz			    jconsole.1
ALTER_FOREIGN_DATA_WRAPPER.7.gz		    jcontrol
ALTER_FOREIGN_TABLE.7.gz		    jdb
ALTER_FUNCTION.7.gz			    jdb.1
ALTER_GROUP.7.gz			    jdeprscan
ALTER_INDEX.7.gz			    jdeprscan.1
ALTER_LANGUAGE.7.gz			    jdeps
ALTER_LARGE_OBJECT.7.gz			    jdeps.1
ALTER_MATERIALIZED_VIEW.7.gz		    jed-script
ALTER_OPERATOR.7.gz			    jed-script.1.gz
ALTER_OPERATOR_CLASS.7.gz		    jexec
ALTER_OPERATOR_FAMILY.7.gz		    jexec-binfmt
ALTER_POLICY.7.gz			    jfr
ALTER_PROCEDURE.7.gz			    jfr.1
ALTER_PUBLICATION.7.gz			    jhat
ALTER_ROLE.7.gz				    jhat.1.gz
ALTER_ROUTINE.7.gz			    jhsdb
ALTER_RULE.7.gz				    jhsdb.1
ALTER_SCHEMA.7.gz			    jimage
ALTER_SEQUENCE.7.gz			    jinfo
ALTER_SERVER.7.gz			    jinfo.1
ALTER_STATISTICS.7.gz			    jjs
ALTER_SUBSCRIPTION.7.gz			    jjs.1
ALTER_SYSTEM.7.gz			    jlink
ALTER_TABLE.7.gz			    jlink.1
ALTER_TABLESPACE.7.gz			    jmap
ALTER_TEXT_SEARCH_CONFIGURATION.7.gz	    jmap.1
ALTER_TEXT_SEARCH_DICTIONARY.7.gz	    jmc
ALTER_TEXT_SEARCH_PARSER.7.gz		    jmc.1.gz
ALTER_TEXT_SEARCH_TEMPLATE.7.gz		    jmod
ALTER_TRIGGER.7.gz			    jmod.1
ALTER_TYPE.7.gz				    jpackage
ALTER_USER.7.gz				    jpackage.1
ALTER_USER_MAPPING.7.gz			    jps
ALTER_VIEW.7.gz				    jps.1
ANALYZE.7.gz				    jrunscript
animate					    jrunscript.1
animate.1.gz				    js
animate-im6				    js.1.gz
animate-im6.1.gz			    jsadebugd
appletviewer				    jsadebugd.1.gz
appletviewer.1.gz			    jshell
aptitude				    jshell.1
aptitude.8.gz				    jstack
aptitude.cs.8.gz			    jstack.1
aptitude.de.8.gz			    jstat
aptitude.es.8.gz			    jstat.1
aptitude.fi.8.gz			    jstatd
aptitude.fr.8.gz			    jstatd.1
aptitude.gl.8.gz			    jvisualvm
aptitude.it.8.gz			    jvisualvm.1.gz
aptitude.ja.8.gz			    jweblauncher
aptitude.pl.8.gz			    kdesu
arptables				    keytool
arptables-restore			    keytool.1.gz
arptables-save				    lapack.pc-x86_64-linux-gnu
automake				    lft
automake.1.gz				    lft.1.gz
awk					    libblas.a-x86_64-linux-gnu
awk.1.gz				    libblas.so.3-x86_64-linux-gnu
BEGIN.7.gz				    libblas.so-x86_64-linux-gnu
bf_compact				    libGL.so-master
bf_copy					    liblapack.a-x86_64-linux-gnu
bf_tar					    liblapack.so.3-x86_64-linux-gnu
bibtex					    liblapack.so-x86_64-linux-gnu
bibtex.1.gz				    libmpi++.so-x86_64-linux-gnu
blas.pc-x86_64-linux-gnu		    libmpi.so-x86_64-linux-gnu
bogofilter				    libpsm_infinipath.so.1
bogolexer				    lightdm-greeter
bogotune				    LISTEN.7.gz
bogoupgrade				    LOAD.7.gz
bogoutil				    locate
builtins.7.gz				    locate.1.gz
bzr					    LOCK.7.gz
bzr.1.gz				    lzcat
c++					    lzcat.1.gz
c89					    lzip
c89.1.gz				    lzip.1.gz
c99					    lzip-compressor
c99.1.gz				    lzip-compressor.1.gz
CALL.7.gz				    lzip-compressor.info.gz
cblas.h-x86_64-linux-gnu		    lzip-decompressor
cc					    lzip-decompressor.1.gz
CHECKPOINT.7.gz				    lzip-decompressor.info.gz
clojure					    lzip.info.gz
clojure.1.gz				    lzma
clojurec				    lzma.1.gz
clojurec.1.gz				    mail
clojure.jar				    Mail
CLOSE.7.gz				    mail.1.gz
CLUSTER.7.gz				    Mail.1.gz
clusterdb.1.gz				    mailx
COMMENT.7.gz				    mailx.1.gz
COMMIT.7.gz				    messages
COMMIT_PREPARED.7.gz			    messages.1.gz
compare					    mogrify
compare.1.gz				    mogrify.1.gz
compare-im6				    mogrify-im6
compare-im6.1.gz			    mogrify-im6.1.gz
composite				    montage
composite.1.gz				    montage.1.gz
composite-im6				    montage-im6
composite-im6.1.gz			    montage-im6.1.gz
conjure					    MOVE.7.gz
conjure.1.gz				    movemail
conjure-im6				    movemail.1.gz
conjure-im6.1.gz			    mozilla-javaplugin.so
ControlPanel				    mpi
convert					    mpic++
convert.1.gz				    mpic++.1.gz
convert-im6				    mpiCC
convert-im6.1.gz			    mpicc.1.gz
COPY.7.gz				    mpiCC.1.gz
cpp					    mpi-c.pc-x86_64-linux-gnu
CREATE_ACCESS_METHOD.7.gz		    mpicxx
CREATE_AGGREGATE.7.gz			    mpicxx.1.gz
CREATE_CAST.7.gz			    mpi-cxx.pc-x86_64-linux-gnu
CREATE_COLLATION.7.gz			    mpiexec
CREATE_CONVERSION.7.gz			    mpiexec.1.gz
CREATE_DATABASE.7.gz			    mpif77
createdb.1.gz				    mpif77.1.gz
CREATE_DOMAIN.7.gz			    mpif90
CREATE_EVENT_TRIGGER.7.gz		    mpif90.1.gz
CREATE_EXTENSION.7.gz			    mpifort
CREATE_FOREIGN_DATA_WRAPPER.7.gz	    mpifort.1.gz
CREATE_FOREIGN_TABLE.7.gz		    mpi-fort.pc-x86_64-linux-gnu
CREATE_FUNCTION.7.gz			    mpi.pc-x86_64-linux-gnu
CREATE_GROUP.7.gz			    mpirun
CREATE_INDEX.7.gz			    mpirun.1.gz
CREATE_LANGUAGE.7.gz			    mpi-x86_64-linux-gnu
CREATE_MATERIALIZED_VIEW.7.gz		    mt
CREATE_OPERATOR.7.gz			    mt.1.gz
CREATE_OPERATOR_CLASS.7.gz		    my.cnf
CREATE_OPERATOR_FAMILY.7.gz		    native2ascii
CREATE_POLICY.7.gz			    native2ascii.1.gz
CREATE_PROCEDURE.7.gz			    nawk
CREATE_PUBLICATION.7.gz			    nawk.1.gz
CREATE_ROLE.7.gz			    nc
CREATE_RULE.7.gz			    nc.1.gz
CREATE_SCHEMA.7.gz			    netcat
CREATE_SEQUENCE.7.gz			    netcat.1.gz
CREATE_SERVER.7.gz			    netrc.5.gz
CREATE_STATISTICS.7.gz			    NOTIFY.7.gz
CREATE_SUBSCRIPTION.7.gz		    nvidia
CREATE_TABLE.7.gz			    nvidia--libcuda.so.1-x86_64-linux-gnu
CREATE_TABLE_AS.7.gz			    nvidia--libcuda.so-x86_64-linux-gnu
CREATE_TABLESPACE.7.gz			    nvidia--libEGL_nvidia.so.0-i386-linux-gnu
CREATE_TEXT_SEARCH_CONFIGURATION.7.gz	    nvidia--libEGL_nvidia.so.0-x86_64-linux-gnu
CREATE_TEXT_SEARCH_DICTIONARY.7.gz	    nvidia--libGLESv1_CM_nvidia.so.1-i386-linux-gnu
CREATE_TEXT_SEARCH_PARSER.7.gz		    nvidia--libGLESv1_CM_nvidia.so.1-x86_64-linux-gnu
CREATE_TEXT_SEARCH_TEMPLATE.7.gz	    nvidia--libGLESv2_nvidia.so.2-i386-linux-gnu
CREATE_TRANSFORM.7.gz			    nvidia--libGLESv2_nvidia.so.2-x86_64-linux-gnu
CREATE_TRIGGER.7.gz			    nvidia--libGLX_nvidia.so.0-i386-linux-gnu
CREATE_TYPE.7.gz			    nvidia--libGLX_nvidia.so.0-x86_64-linux-gnu
createuser.1.gz				    nvidia--libglx.so
CREATE_USER.7.gz			    nvidia--libnvcuvid.so.1-x86_64-linux-gnu
CREATE_USER_MAPPING.7.gz		    nvidia--libnvcuvid.so-x86_64-linux-gnu
CREATE_VIEW.7.gz			    nvidia--libnvidia-cfg.so.1-x86_64-linux-gnu
csh					    nvidia--libnvidia-ml.so.1-x86_64-linux-gnu
csh.1.gz				    nvidia--libnvidia-opencl.so.1-x86_64-linux-gnu
ctags					    nvidia--libnvidia-ptxjitcompiler.so.1-x86_64-linux-gnu
ctags.1.gz				    nvidia--libvdpau_nvidia.so.1-x86_64-linux-gnu
DEALLOCATE.7.gz				    nvidia--nv-control-dpy
DECLARE.7.gz				    nvidia--nvidia-application-profiles-key-documentation
DELETE.7.gz				    nvidia--nvidia-blacklists-nouveau.conf
desktop-background			    nvidia--nvidia-bug-report.sh
desktop-background.xml			    nvidia--nvidia-debugdump
desktop-grub				    nvidia--nvidia-drm-outputclass.conf
desktop-grub.sh				    nvidia--nvidia_drv.so
desktop-lockscreen.xml			    nvidia--nvidia-load.conf
desktop-login-background		    nvidia--nvidia-modprobe.conf
desktop-plasma5-wallpaper		    nvidia--nvidia-settings
desktop-theme				    nvidia--nvidia-settings.1.gz
DISCARD.7.gz				    nvidia--nvidia-settings.desktop
display					    nvidia--nvidia-smi
display.1.gz				    nvidia--nvidia-smi.1.gz
display-im6				    openjade
display-im6.1.gz			    openjade.1.gz
DO.7.gz					    orbd
dotlock					    orbd.1.gz
dotlock.1.gz				    pack200
DROP_ACCESS_METHOD.7.gz			    pack200.1.gz
DROP_AGGREGATE.7.gz			    pager
DROP_CAST.7.gz				    pager.1.gz
DROP_COLLATION.7.gz			    pasteurize
DROP_CONVERSION.7.gz			    pbr
DROP_DATABASE.7.gz			    pdftk
dropdb.1.gz				    pdftkman
DROP_DOMAIN.7.gz			    pftp
DROP_EVENT_TRIGGER.7.gz			    pftp.1.gz
DROP_EXTENSION.7.gz			    pg_basebackup.1.gz
DROP_FOREIGN_DATA_WRAPPER.7.gz		    pg_dump.1.gz
DROP_FOREIGN_TABLE.7.gz			    pg_dumpall.1.gz
DROP_FUNCTION.7.gz			    pg_isready.1.gz
DROP_GROUP.7.gz				    pg_receivewal.1.gz
DROP_INDEX.7.gz				    pg_recvlogical.1.gz
DROP_LANGUAGE.7.gz			    pg_restore.1.gz
DROP_MATERIALIZED_VIEW.7.gz		    phar
DROP_OPERATOR.7.gz			    phar.1.gz
DROP_OPERATOR_CLASS.7.gz		    phar.phar
DROP_OPERATOR_FAMILY.7.gz		    phar.phar.1.gz
DROP_OWNED.7.gz				    php
DROP_POLICY.7.gz			    php.1.gz
DROP_PROCEDURE.7.gz			    pico
DROP_PUBLICATION.7.gz			    pico.1.gz
DROP_ROLE.7.gz				    pinentry
DROP_ROUTINE.7.gz			    pinentry.1.gz
DROP_RULE.7.gz				    pinentry-x11
DROP_SCHEMA.7.gz			    pinentry-x11.1.gz
DROP_SEQUENCE.7.gz			    policytool
DROP_SERVER.7.gz			    policytool.1.gz
DROP_STATISTICS.7.gz			    PREPARE.7.gz
DROP_SUBSCRIPTION.7.gz			    PREPARE_TRANSACTION.7.gz
DROP_TABLE.7.gz				    prolog
DROP_TABLESPACE.7.gz			    prolog.1.gz
DROP_TEXT_SEARCH_CONFIGURATION.7.gz	    psql.1.gz
DROP_TEXT_SEARCH_DICTIONARY.7.gz	    python
DROP_TEXT_SEARCH_PARSER.7.gz		    rcp
DROP_TEXT_SEARCH_TEMPLATE.7.gz		    rcp.1.gz
DROP_TRANSFORM.7.gz			    readline-editor
DROP_TRIGGER.7.gz			    readline-editor.1.gz
DROP_TYPE.7.gz				    README
dropuser.1.gz				    readmsg
DROP_USER.7.gz				    readmsg.1.gz
DROP_USER_MAPPING.7.gz			    REASSIGN_OWNED.7.gz
DROP_VIEW.7.gz				    REFRESH_MATERIALIZED_VIEW.7.gz
ebrowse					    regulatory.db
ebrowse.1.gz				    regulatory.db.p7s
ebtables				    REINDEX.7.gz
ebtables-restore			    reindexdb.1.gz
ebtables-save				    RELEASE_SAVEPOINT.7.gz
editor					    RESET.7.gz
editor.1.gz				    REVOKE.7.gz
editor.da.1.gz				    rgview
editor.de.1.gz				    rgvim
editor.fr.1.gz				    rlogin
editor.it.1.gz				    rlogin.1.gz
editor.ja.1.gz				    rmic
editor.pl.1.gz				    rmic.1.gz
editor.ru.1.gz				    rmid
emacs					    rmid.1.gz
emacs.1.gz				    rmiregistry
emacsclient				    rmiregistry.1.gz
emacsclient.1.gz			    rmt
emblem-vendor-128			    rmt.8.gz
emblem-vendor-256			    ROLLBACK.7.gz
emblem-vendor-64			    ROLLBACK_PREPARED.7.gz
emblem-vendor-scalable			    ROLLBACK_TO_SAVEPOINT.7.gz
emblem-vendor-symbolic-128		    rsh
emblem-vendor-symbolic-256		    rsh.1.gz
emblem-vendor-symbolic-64		    rst2html
emblem-vendor-symbolic-scalable		    rst2html4
emblem-vendor-white-128			    rst2html5
emblem-vendor-white-256			    rst2latex
emblem-vendor-white-64			    rst2man
emblem-vendor-white-scalable		    rst2odt
END.7.gz				    rst2odt_prepstyles
etags					    rst2pseudoxml
etags.1.gz				    rst2s5
eview					    rst2xetex
evim					    rst2xml
ex					    rst-buildhtml
ex.1.gz					    rstpep2html
ex.da.1.gz				    runhaskell
ex.de.1.gz				    runhaskell.1.gz
EXECUTE.7.gz				    rview
ex.fr.1.gz				    rvim
ex.it.1.gz				    sar
ex.ja.1.gz				    sar.1.gz
ex.pl.1.gz				    SAVEPOINT.7.gz
EXPLAIN.7.gz				    schemagen
ex.ru.1.gz				    schemagen.1.gz
extcheck				    SECURITY_LABEL.7.gz
extcheck.1.gz				    SELECT.7.gz
f77					    SELECT_INTO.7.gz
f95					    serialver
faked.1.gz				    serialver.1.gz
faked.es.1.gz				    servertool
faked.fr.1.gz				    servertool.1.gz
faked.sv.1.gz				    SET.7.gz
fakeroot				    SET_CONSTRAINTS.7.gz
fakeroot.1.gz				    SET_ROLE.7.gz
fakeroot.es.1.gz			    SET_SESSION_AUTHORIZATION.7.gz
fakeroot.fr.1.gz			    SET_TRANSACTION.7.gz
fakeroot.sv.1.gz			    SHOW.7.gz
FETCH.7.gz				    startGroovy
flash-mozilla.so			    start-here-16.png
fonts-japanese-gothic.ttf		    start-here-22.png
fonts-japanese-mincho.ttf		    start-here-24.png
frm					    start-here-256.png
frm.1.gz				    start-here-32.png
from					    start-here-48.png
from.1.gz				    start-here.svg
ftp					    START_TRANSACTION.7.gz
ftp.1.gz				    stream
futurize				    stream.1.gz
gcc-arm-none-eabi-include		    stream-im6
gcc-arm-none-eabi-lib			    stream-im6.1.gz
glx					    TABLE.7.gz
glx--libEGL.so.1-i386-linux-gnu		    tcptraceroute
glx--libEGL.so.1-x86_64-linux-gnu	    tcptraceroute.1.gz
glx--libEGL.so-x86_64-linux-gnu		    tdbbackup
glx--libGLESv1_CM.so.1-i386-linux-gnu	    tdbbackup.8.gz
glx--libGLESv1_CM.so.1-x86_64-linux-gnu     telnet
glx--libGLESv1_CM.so-x86_64-linux-gnu	    telnet.1.gz
glx--libGLESv2.so.2-i386-linux-gnu	    tnameserv
glx--libGLESv2.so.2-x86_64-linux-gnu	    tnameserv.1.gz
glx--libGLESv2.so-x86_64-linux-gnu	    traceproto
glx--libGL.so.1-i386-linux-gnu		    traceproto.1.gz
glx--libGL.so.1-x86_64-linux-gnu	    traceroute
glx--libGL.so-x86_64-linux-gnu		    traceroute.1.gz
glx--libGLX_indirect.so.0-i386-linux-gnu    traceroute6
glx--libGLX_indirect.so.0-x86_64-linux-gnu  traceroute6.8.gz
glx--libnvidia-cfg.so.1-x86_64-linux-gnu    traceroute.sbin
glx--linux-libglx.so			    TRUNCATE.7.gz
glx--nvidia-blacklists-nouveau.conf	    UNLISTEN.7.gz
glx--nvidia-bug-report.sh		    unlzma
glx--nvidia-drm-outputclass.conf	    unlzma.1.gz
glx--nvidia_drv.so			    unpack200
glx--nvidia-load.conf			    unpack200.1.gz
glx--nvidia-modprobe.conf		    unrar
gnome-text-editor			    unrar.1.gz
gnome-text-editor.1.gz			    UPDATE.7.gz
gnome-www-browser			    updatedb
gnuplot					    updatedb.8.gz
gnuplot.1.gz				    VACUUM.7.gz
gnuplot.gih				    vacuumdb.1.gz
google-chrome				    VALUES.7.gz
gplc					    vendor-logos
gprolog					    vi
gprolog-inc				    vi.1.gz
GRANT.7.gz				    vi.da.1.gz
grape					    vi.de.1.gz
grape.1.gz				    view
groovy					    view.1.gz
groovy.1.gz				    view.da.1.gz
groovyc					    view.de.1.gz
groovyc.1.gz				    view.fr.1.gz
groovyConsole				    view.it.1.gz
groovydoc				    view.ja.1.gz
groovysh				    view.pl.1.gz
gview					    view.ru.1.gz
gvim					    vi.fr.1.gz
gvimdiff				    vi.it.1.gz
haskell-compiler			    vi.ja.1.gz
haskell-compiler.1.gz			    vim
hexgplc					    vimdiff
identify				    vi.pl.1.gz
identify.1.gz				    vi.ru.1.gz
identify-im6				    vncconfig
identify-im6.1.gz			    vncconfig.1.gz
idlj					    vncpasswd
idlj.1.gz				    vncpasswd.1.gz
idmap-plugin				    vncserver
idmap-plugin.8.gz			    vncserver.1.gz
import					    vncviewer
import.1.gz				    vncviewer.1.gz
IMPORT_FOREIGN_SCHEMA.7.gz		    w
import-im6				    w.1.gz
import-im6.1.gz				    WITH.7.gz
infobrowser				    write
infobrowser.1.gz			    write.1.gz
INSERT.7.gz				    wsgen
ip6tables				    wsgen.1.gz
ip6tables-restore			    wsimport
ip6tables-save				    wsimport.1.gz
iptables				    www-browser
iptables-restore			    www-browser.1.gz
iptables-save				    wx.pth
jaotc					    x-cursor-theme
jaotc.1					    xdvi.bin
jar					    xjc
jar.1					    xjc.1.gz
jarsigner				    x-session-manager
jarsigner.1				    x-session-manager.1.gz
java					    x-terminal-emulator
java.1					    x-terminal-emulator.1.gz
java2groovy				    Xvnc
javac					    Xvnc.1.gz
javac.1					    xvncviewer
javadoc					    xvncviewer.1.gz
javadoc.1				    x-window-manager
javafxpackager				    x-window-manager.1.gz
javafxpackager.1.gz			    x-www-browser
javah					    yacc
javah.1.gz				    yaccman

/etc/apache2:
conf-available

/etc/apache2/conf-available:
javascript-common.conf

/etc/apm:
event.d

/etc/apm/event.d:

/etc/apparmor:
init  parser.conf

/etc/apparmor/init:
network-interface-security

/etc/apparmor/init/network-interface-security:
usr.sbin.ntpd

/etc/apparmor.d:
abstractions	lightdm-guest-session  tunables		    usr.lib.libreoffice.program.oosplash     usr.sbin.gpsd
cache		local		       usr.bin.evince	    usr.lib.libreoffice.program.senddoc      usr.sbin.ntpd
disable		nvidia_modprobe        usr.bin.man	    usr.lib.libreoffice.program.soffice.bin  usr.sbin.ntpd.dpkg-old
force-complain	samba		       usr.bin.thunderbird  usr.lib.libreoffice.program.xpdfimport

/etc/apparmor.d/abstractions:
apache2-common		   fcitx		     mysql		   qt5-compose-cache-write    ubuntu-unity7-launcher
apparmor_api		   fcitx-strict		     nameservice	   qt5-settings-write	      ubuntu-unity7-messaging
aspell			   fonts		     nis		   recent-documents-write     ubuntu-xterm
audio			   freedesktop.org	     nvidia		   ruby			      user-download
authentication		   gnome		     opencl		   samba		      user-mail
base			   gnupg		     opencl-common	   smbpass		      user-manpages
bash			   ibus			     opencl-intel	   ssl_certs		      user-tmp
consoles		   kde			     opencl-mesa	   ssl_keys		      user-write
cups-client		   kde-globals-write	     opencl-nvidia	   svn-repositories	      video
dbus			   kde-icon-cache-write      opencl-pocl	   ubuntu-bittorrent-clients  vulkan
dbus-accessibility	   kde-language-write	     openssl		   ubuntu-browsers	      wayland
dbus-accessibility-strict  kerberosclient	     orbit2		   ubuntu-browsers.d	      web-data
dbus-session		   ldapclient		     p11-kit		   ubuntu-console-browsers    winbind
dbus-session-strict	   libpam-systemd	     perl		   ubuntu-console-email       wutmp
dbus-strict		   lightdm		     php		   ubuntu-email		      X
dconf			   lightdm_chromium-browser  php5		   ubuntu-feed-readers	      xad
dovecot-common		   likewise		     postfix-common	   ubuntu-gnome-terminal      xdg-desktop
dri-common		   mdns			     private-files	   ubuntu-helpers
dri-enumerate		   mesa			     private-files-strict  ubuntu-konsole
enchant			   mir			     python		   ubuntu-media-players
evince			   mozc			     qt5		   ubuntu-unity7-base

/etc/apparmor.d/abstractions/apparmor_api:
change_profile	examine  find_mountpoint  introspect  is_enabled

/etc/apparmor.d/abstractions/ubuntu-browsers.d:
java  kde  mailto  multimedia  plugins-common  productivity  text-editors  ubuntu-integration  ubuntu-integration-xul  user-files

/etc/apparmor.d/cache:

/etc/apparmor.d/disable:
usr.bin.thunderbird

/etc/apparmor.d/force-complain:

/etc/apparmor.d/local:
nvidia_modprobe  usr.bin.man			       usr.lib.libreoffice.program.senddoc	usr.sbin.gpsd
README		 usr.bin.thunderbird		       usr.lib.libreoffice.program.soffice.bin	usr.sbin.ntpd
usr.bin.evince	 usr.lib.libreoffice.program.oosplash  usr.lib.libreoffice.program.xpdfimport

/etc/apparmor.d/samba:

/etc/apparmor.d/tunables:
alias	    dovecot  home    kernelvars  multiarch.d  proc	  share  xdg-user-dirs
apparmorfs  global   home.d  multiarch	 ntpd	      securityfs  sys	 xdg-user-dirs.d

/etc/apparmor.d/tunables/home.d:
site.local  ubuntu

/etc/apparmor.d/tunables/multiarch.d:
site.local

/etc/apparmor.d/tunables/xdg-user-dirs.d:
site.local

/etc/apt:
apt.conf.d   listchanges.conf  sources.list   sources.list.d  trusted.gpg~
auth.conf.d  preferences.d     sources.list~  trusted.gpg     trusted.gpg.d

/etc/apt/apt.conf.d:
000DefaultRelease  00trustcdrom  01autoremove-kernels  20dbus	      20packagekit     70debconf
00CDMountPoint	   01autoremove  20adequate	       20listchanges  50apt-file.conf  99synaptic

/etc/apt/auth.conf.d:

/etc/apt/preferences.d:
libssh-4  manpages  remmina

/etc/apt/sources.list.d:
backports.list	    google.list		     neo4j.list      sublime-text.list	webupd8team-java.list  zulu-openjdk.list
google-chrome.list  linuxuprising-java.list  paparazzi.list  virtualbox.list	x2go.list

/etc/apt/trusted.gpg.d:
debian-archive-buster-automatic.gpg	      debian-archive-stretch-security-automatic.gpg
debian-archive-buster-security-automatic.gpg  debian-archive-stretch-stable.gpg
debian-archive-buster-stable.gpg	      x2go-archive-debian-ubuntu-signing-key.gpg
debian-archive-jessie-automatic.gpg	      x2go-archive-git-admin.gpg
debian-archive-jessie-security-automatic.gpg  x2go-archive-ncryer.gpg
debian-archive-jessie-stable.gpg	      x2go-archive-X2Go-Packages-Automatic-Signing-Key.gpg
debian-archive-stretch-automatic.gpg

/etc/at-spi2:

/etc/autoconf2.13:
acconfig.h

/etc/avahi:
avahi-daemon.conf  hosts  services

/etc/avahi/services:

/etc/bash_completion.d:
apt-venv	       dkms	 git-prompt  licensecheck  openvpn	     thunderbird  virtualenvwrapper
desktop-file-validate  fail2ban  insserv     ocamlfind	   svn-buildpackage  unp

/etc/binfmt.d:

/etc/bluetooth:
input.conf  main.conf  network.conf  proximity.conf.dpkg-remove

/etc/bonobo-activation:
bonobo-activation-config.xml

/etc/ca-certificates:
update.d

/etc/ca-certificates/update.d:

/etc/calendar:
default

/etc/chatscripts:
gprs  pap  provider

/etc/chromium:
master_preferences

/etc/chromium.d:
apikeys  default-flags	extensions  pepperflashplugin-nonfree  README

/etc/cifs-utils:
idmap-plugin

/etc/common-lisp:
asdf-output-translations.conf.d  source-registry.conf.d

/etc/common-lisp/asdf-output-translations.conf.d:
01-common-lisp-controller.conf

/etc/common-lisp/source-registry.conf.d:
01-common-lisp-controller.conf	02-common-lisp-controller-userdir.conf	03-clbuild.conf

/etc/console:

/etc/console-setup:
cached_Lat15-Fixed16.psf.gz  compose.CP1255.inc		   compose.ISO-8859-11.inc  compose.ISO-8859-3.inc  compose.KOI8-R.inc
cached_setup_font.sh	     compose.CP1256.inc		   compose.ISO-8859-13.inc  compose.ISO-8859-4.inc  compose.KOI8-U.inc
cached_setup_keyboard.sh     compose.GEORGIAN-ACADEMY.inc  compose.ISO-8859-14.inc  compose.ISO-8859-5.inc  compose.TIS-620.inc
cached_setup_terminal.sh     compose.GEORGIAN-PS.inc	   compose.ISO-8859-15.inc  compose.ISO-8859-6.inc  compose.VISCII.inc
cached_UTF-8_del.kmap.gz     compose.IBM1133.inc	   compose.ISO-8859-16.inc  compose.ISO-8859-7.inc  remap.inc
compose.ARMSCII-8.inc	     compose.ISIRI-3342.inc	   compose.ISO-8859-1.inc   compose.ISO-8859-8.inc
compose.CP1251.inc	     compose.ISO-8859-10.inc	   compose.ISO-8859-2.inc   compose.ISO-8859-9.inc

/etc/cracklib:
cracklib.conf

/etc/cron.d:
anacron  e2scrub_all  php  sysstat

/etc/cron.daily:
0anacron    apt.dpkg-bak  cracklib-runtime  dpkg.dpkg-old  google-chrome       man-db		mlocate.dpkg-old  quota
acct	    aptitude	  debsums	    dpkg-list	   logrotate	       man-db.dpkg-old	ntp		  samba
apt-compat  bsdmainutils  dpkg		    exim4-base	   logrotate.dpkg-old  mlocate		passwd		  sysstat

/etc/cron.hourly:

/etc/cron.monthly:
0anacron  acct	debsums

/etc/cron.weekly:
0anacron  debsums  man-db  man-db.dpkg-old

/etc/cruft:
explain  filters

/etc/cruft/explain:

/etc/cruft/filters:

/etc/csh:
login.d

/etc/csh/login.d:
cs424.csh  umask.csh

/etc/cupshelpers:
preferreddrivers.xml

/etc/dbus-1:
session.d  system.d

/etc/dbus-1/session.d:

/etc/dbus-1/system.d:
avahi-dbus.conf				 org.freedesktop.DisplayManager.conf  org.kde.auth.conf
bluetooth.conf				 org.freedesktop.GeoClue2.Agent.conf  org.kde.kcontrol.kcmremotewidgets.conf
com.redhat.NewPrinterNotification.conf	 org.freedesktop.GeoClue2.conf	      org.kde.kf5auth.conf
com.redhat.PrinterDriversInstaller.conf  org.freedesktop.ModemManager1.conf   org.kde.ktexteditor.katetextbuffer.conf
net.hadess.SensorProxy.conf		 org.freedesktop.PackageKit.conf      org.opensuse.CupsPkHelper.Mechanism.conf
org.debian.apt.conf			 org.freedesktop.RealtimeKit1.conf    pulseaudio-system.conf
org.freedesktop.Accounts.conf		 org.gnome.GConf.Defaults.conf	      wpa_supplicant.conf

/etc/debtree:
endlist  skiplist

/etc/default:
acct		 bsdmainutils	devpts	       gpsd		ipmievd.dpkg-old  nfs-common  pyro-nsd	smartmontools	tmpfs
acpid		 console-setup	exim4	       halt		irqbalance	  nslcd       quota	snmpd		useradd
amd64-microcode  crda		fail2ban       hddtemp		keyboard	  nss	      rcS	snmpd.dpkg-old	winbind
anacron		 cron		gdomap	       hwclock		lldpd		  ntp	      rsync	ssh
avahi-daemon	 dbus		go-mmproxy     intel-microcode	locale		  openipmi    rsyslog	stunnel4
bluetooth	 debsums	google-chrome  ipmievd		networking	  openvpn     saned	sysstat

/etc/dhcp:
debug  dhclient.conf  dhclient-enter-hooks.d  dhclient-exit-hooks.d

/etc/dhcp/dhclient-enter-hooks.d:
debug  samba

/etc/dhcp/dhclient-exit-hooks.d:
debug  ntp  rfc3442-classless-routes  timesyncd

/etc/dictionaries-common:
default.aff  default.hash  ispell-default  words

/etc/dirmngr:

/etc/discover.conf.d:
00discover

/etc/dkms:
framework.conf	template-dkms-mkbmdeb  template-dkms-mkdeb  template-dkms-mkdsc

/etc/dkms/template-dkms-mkbmdeb:
debian	Makefile

/etc/dkms/template-dkms-mkbmdeb/debian:
changelog  compat  control  copyright  README.Debian  rules

/etc/dkms/template-dkms-mkdeb:
debian	Makefile

/etc/dkms/template-dkms-mkdeb/debian:
changelog  compat  control  copyright  dirs  postinst  prerm  README.Debian  rules

/etc/doc-base:
documents

/etc/doc-base/documents:
README

/etc/dpkg:
dpkg.cfg  dpkg.cfg.d  origins  shlibs.default  shlibs.override

/etc/dpkg/dpkg.cfg.d:
pkg-config-hook-config

/etc/dpkg/origins:
debian	default

/etc/emacs:
site-start.d

/etc/emacs/site-start.d:
00debian.el	50autoconf.el	 50dictionaries-common.el  50latex-cjk-common.el  50python-docutils.el
50a2ps.el	50cmake-data.el  50erlang-mode.el	   50latex-cjk-thai.el	  50tcsh.el
50asymptote.el	50devhelp.el	 50haskell-mode.el	   50psvn.el		  50texlive-lang-english.el

/etc/environment.d:
90atk-adaptor.conf  90qt-a11y.conf

/etc/exim4:
conf.d	exim4.conf.template  passwd.client  update-exim4.conf.conf

/etc/exim4/conf.d:
acl  auth  main  retry	rewrite  router  transport

/etc/exim4/conf.d/acl:
00_exim4-config_header		       30_exim4-config_check_mail  40_exim4-config_check_data
20_exim4-config_local_deny_exceptions  30_exim4-config_check_rcpt

/etc/exim4/conf.d/auth:
00_exim4-config_header	30_exim4-config_examples

/etc/exim4/conf.d/main:
01_exim4-config_listmacrosdefs	02_exim4-config_options  03_exim4-config_tlsoptions  90_exim4-config_log_selector

/etc/exim4/conf.d/retry:
00_exim4-config_header	30_exim4-config

/etc/exim4/conf.d/rewrite:
00_exim4-config_header	31_exim4-config_rewriting

/etc/exim4/conf.d/router:
00_exim4-config_header		 300_exim4-config_real_local	  700_exim4-config_procmail    mmm_mail4root
100_exim4-config_domain_literal  400_exim4-config_system_aliases  800_exim4-config_maildrop
150_exim4-config_hubbed_hosts	 500_exim4-config_hubuser	  850_exim4-config_lowuid
200_exim4-config_primary	 600_exim4-config_userforward	  900_exim4-config_local_user

/etc/exim4/conf.d/transport:
00_exim4-config_header		  30_exim4-config_address_pipe	 30_exim4-config_maildrop_pipe	30_exim4-config_remote_smtp
10_exim4-config_transport-macros  30_exim4-config_address_reply  30_exim4-config_mail_spool	30_exim4-config_remote_smtp_smarthost
30_exim4-config_address_file	  30_exim4-config_maildir_home	 30_exim4-config_procmail_pipe	35_exim4-config_address_directory

/etc/fail2ban:
action.d       fail2ban.conf.dpkg-dist	filter.d   jail.d      paths-arch.conf	  paths-debian.conf
fail2ban.conf  fail2ban.d		jail.conf  jail.local  paths-common.conf  paths-opensuse.conf

/etc/fail2ban/action.d:
abuseipdb.conf		       firewallcmd-rich-rules.conf	    mail.conf		     sendmail-buffered.conf
apf.conf		       helpers-common.conf		    mail-whois-common.conf   sendmail-common.conf
badips.conf		       hostsdeny.conf			    mail-whois.conf	     sendmail.conf
badips.py		       ipfilter.conf			    mail-whois-lines.conf    sendmail-geoip-lines.conf
blocklist_de.conf	       ipfw.conf			    mynetwatchman.conf	     sendmail-whois.conf
bsd-ipfw.conf		       iptables-allports.conf		    netscaler.conf	     sendmail-whois-ipjailmatches.conf
cloudflare.conf		       iptables-common.conf		    nftables-allports.conf   sendmail-whois-ipmatches.conf
complain.conf		       iptables.conf			    nftables-common.conf     sendmail-whois-lines.conf
dshield.conf		       iptables-ipset-proto4.conf	    nftables-multiport.conf  sendmail-whois-matches.conf
dummy.conf		       iptables-ipset-proto6-allports.conf  nginx-block-map.conf     shorewall.conf
firewallcmd-allports.conf      iptables-ipset-proto6.conf	    npf.conf		     shorewall-ipset-proto6.conf
firewallcmd-common.conf        iptables-multiport.conf		    nsupdate.conf	     smtp.py
firewallcmd-ipset.conf	       iptables-multiport-log.conf	    osx-afctl.conf	     symbiosis-blacklist-allports.conf
firewallcmd-multiport.conf     iptables-new.conf		    osx-ipfw.conf	     ufw.conf
firewallcmd-new.conf	       iptables-xt_recent-echo.conf	    pf.conf		     xarf-login-attack.conf
firewallcmd-rich-logging.conf  mail-buffered.conf		    route.conf

/etc/fail2ban/fail2ban.d:

/etc/fail2ban/filter.d:
3proxy.conf		   common.conf		froxlor-auth.conf	nginx-botsearch.conf	proftpd.conf	      squirrelmail.conf
apache-auth.conf	   counter-strike.conf	groupoffice.conf	nginx-http-auth.conf	pure-ftpd.conf	      sshd.conf
apache-badbots.conf	   courier-auth.conf	gssftpd.conf		nginx-limit-req.conf	qmail.conf	      sshd-ddos.conf
apache-botsearch.conf	   courier-smtp.conf	guacamole.conf		nsd.conf		recidive.conf	      stunnel.conf
apache-common.conf	   cyrus-imap.conf	haproxy-http-auth.conf	openhab.conf		roundcube-auth.conf   suhosin.conf
apache-fakegooglebot.conf  directadmin.conf	horde.conf		openwebmail.conf	screensharingd.conf   tine20.conf
apache-modsecurity.conf    domino-smtp.conf	ignorecommands		oracleims.conf		selinux-common.conf   uwimap-auth.conf
apache-nohome.conf	   dovecot.conf		kerio.conf		pam-generic.conf	selinux-ssh.conf      vsftpd.conf
apache-noscript.conf	   dropbear.conf	lighttpd-auth.conf	perdition.conf		sendmail-auth.conf    webmin-auth.conf
apache-overflows.conf	   drupal-auth.conf	mongodb-auth.conf	phpmyadmin-syslog.conf	sendmail-reject.conf  wuftpd.conf
apache-pass.conf	   ejabberd-auth.conf	monit.conf		php-url-fopen.conf	sieve.conf	      xinetd-fail.conf
apache-shellshock.conf	   exim-common.conf	murmur.conf		portsentry.conf		slapd.conf	      zoneminder.conf
assp.conf		   exim.conf		mysqld-auth.conf	postfix.conf		sogo-auth.conf
asterisk.conf		   exim-spam.conf	nagios.conf		postfix-rbl.conf	solid-pop3d.conf
botsearch-common.conf	   freeswitch.conf	named-refused.conf	postfix-sasl.conf	squid.conf

/etc/fail2ban/filter.d/ignorecommands:
apache-fakegooglebot

/etc/fail2ban/jail.d:
defaults-debian.conf

/etc/firebird:
3.0

/etc/firebird/3.0:
fbintl.conf  firebird.conf  plugins.conf

/etc/firefox-esr:
firefox-esr.js

/etc/fonts:
conf.avail  conf.d  fonts.conf

/etc/fonts/conf.avail:
20-unhint-small-dejavu-lgc-sans.conf	       30-droid-noto.conf	     58-dejavu-lgc-serif.conf
20-unhint-small-dejavu-lgc-sans-mono.conf      30-droid-noto-mono.conf	     62-google-crosextra-carlito-fontconfig.conf
20-unhint-small-dejavu-lgc-serif.conf	       57-dejavu-sans.conf	     65-droid-sans-fallback.conf
20-unhint-small-dejavu-sans.conf	       57-dejavu-sans-mono.conf      65-fonts-lmodern.conf
20-unhint-small-dejavu-sans-mono.conf	       57-dejavu-serif.conf	     65-fonts-texgyre.conf
20-unhint-small-dejavu-serif.conf	       58-dejavu-lgc-sans.conf
30-0-google-crosextra-carlito-fontconfig.conf  58-dejavu-lgc-sans-mono.conf

/etc/fonts/conf.d:
10-hinting-slight.conf			       45-generic.conf		     64-02-tlwg-norasi.conf  70-no-bitmaps.conf
10-scale-bitmap-fonts.conf		       45-latin.conf		     64-10-tlwg-loma.conf    80-delicious.conf
11-lcdfilter-default.conf		       49-sansserif.conf	     64-11-tlwg-waree.conf   89-tlwg-garuda-synthetic.conf
20-unhint-small-dejavu-lgc-sans.conf	       50-user.conf		     64-13-tlwg-garuda.conf  89-tlwg-kinnari-synthetic.conf
20-unhint-small-dejavu-lgc-sans-mono.conf      51-local.conf		     64-14-tlwg-umpush.conf  89-tlwg-laksaman-synthetic.conf
20-unhint-small-dejavu-lgc-serif.conf	       57-dejavu-sans.conf	     64-15-laksaman.conf     89-tlwg-umpush-synthetic.conf
20-unhint-small-dejavu-sans.conf	       57-dejavu-sans-mono.conf      64-21-tlwg-typo.conf    90-fonts-baekmuk.conf
20-unhint-small-dejavu-sans-mono.conf	       57-dejavu-serif.conf	     64-22-tlwg-typist.conf  90-fonts-linux-libertine.conf
20-unhint-small-dejavu-serif.conf	       58-dejavu-lgc-sans.conf	     64-23-tlwg-mono.conf    90-fonts-unfonts-core.conf
20-unhint-small-vera.conf		       58-dejavu-lgc-sans-mono.conf  65-fonts-lmodern.conf   90-fonts-unfonts-extra.conf
30-0-google-crosextra-carlito-fontconfig.conf  58-dejavu-lgc-serif.conf      65-fonts-persian.conf   90-synthetic.conf
30-metric-aliases.conf			       60-generic.conf		     65-fonts-texgyre.conf   README
30-opensymbol.conf			       60-latin.conf		     65-nonlatin.conf
40-nonlatin.conf			       64-01-tlwg-kinnari.conf	     69-unifont.conf

/etc/freeipmi:
freeipmi.conf  freeipmi_interpret_sel.conf  freeipmi_interpret_sensor.conf  libipmiconsole.conf

/etc/gamin:
gaminrc

/etc/gconf:
2  gconf.xml.defaults  gconf.xml.mandatory

/etc/gconf/2:
evoldap.conf  path

/etc/gconf/gconf.xml.defaults:
%gconf-tree.xml

/etc/gconf/gconf.xml.mandatory:
%gconf-tree.xml

/etc/gdb:
gdbinit

/etc/geoclue:
geoclue.conf

/etc/ghostscript:
cidfmap.d  fontmap.d

/etc/ghostscript/cidfmap.d:
90gs-cjk-resource-cns1.conf  90gs-cjk-resource-japan1.conf  90gs-cjk-resource-korea1.conf
90gs-cjk-resource-gb1.conf   90gs-cjk-resource-japan2.conf

/etc/ghostscript/fontmap.d:
10gsfonts.conf

/etc/gimp:
2.0

/etc/gimp/2.0:
controllerrc  gimprc  gtkrc  menurc  sessionrc	templaterc  unitrc

/etc/git-buildpackage:
gbp.conf

/etc/glvnd:
egl_vendor.d

/etc/glvnd/egl_vendor.d:

/etc/gnome:
menus.blacklist

/etc/gnome-vfs-2.0:
modules

/etc/gnome-vfs-2.0/modules:
default-modules.conf  extra-modules.conf

/etc/GNUstep:
gdomap_probes  GNUstep.conf

/etc/go-mmproxy:
path-prefixes.txt

/etc/groff:
man.local  mdoc.local

/etc/groovy:
groovy-starter.conf

/etc/gss:
mech.d

/etc/gss/mech.d:
README

/etc/gtk-2.0:
im-multipress.conf

/etc/gtk-3.0:
im-multipress.conf

/etc/highlight:
filetypes.conf

/etc/ifplugd:
action.d

/etc/ifplugd/action.d:
action_wpa

/etc/ImageMagick-6:
coder.xml   delegates.xml  magic.xml  policy.xml	      thresholds.xml  type-dejavu.xml	    type-urw-base35.xml  type.xml
colors.xml  log.xml	   mime.xml   quantization-table.xml  type-apple.xml  type-ghostscript.xml  type-windows.xml

/etc/init:
lldpd.conf  nmbd.override  smbd.override  winbind.override

/etc/init.d:
acct		checkfs.sh		hostname.sh	       mountdevsubfs.sh       openvpn	 rpcbind	    stunnel4
acpid		checkroot-bootclean.sh	hwclock.sh	       mountkernfs.sh	      pcscd	 rsync		    sudo
alsa-utils	checkroot.sh		ipmievd		       mountnfs-bootclean.sh  pppd-dns	 rsyslog	    sysfsutils
anacron		console-setup.sh	irqbalance	       mountnfs.sh	      procps	 samba-ad-dc	    sysstat
apparmor	cpufrequtils		keyboard-setup.sh      networking	      pyro-nsd	 saned		    udev
atd		cron			killprocs	       nfs-common	      quota	 screen-cleanup     umountfs
avahi-daemon	dbus			kmod		       nmbd		      quotarpc	 sendsigs	    umountnfs.sh
binfmt-support	exim4			lightdm		       nscd		      rc	 single		    umountroot
bluetooth	fail2ban		lldpd		       nslcd		      rc.local	 smartmontools	    urandom
bootchart-done	fancontrol		lm-sensors	       ntp		      rcS	 smbd		    winbind
bootlogs	gdomap			loadcpufreq	       nvidia-persistenced    README	 snmpd		    x11-common
bootmisc.sh	halt			mountall-bootclean.sh  openipmi		      reboot	 speech-dispatcher  x2goserver
brightness	hddtemp			mountall.sh	       open-vm-tools	      rmnologin  ssh

/etc/initramfs-tools:
conf.d	hooks  initramfs.conf  initramfs.conf.dpkg-old	modules  scripts  update-initramfs.conf

/etc/initramfs-tools/conf.d:
resume

/etc/initramfs-tools/hooks:

/etc/initramfs-tools/scripts:
init-bottom  init-premount  init-top  local-bottom  local-premount  local-top  nfs-bottom  nfs-premount  nfs-top  panic

/etc/initramfs-tools/scripts/init-bottom:

/etc/initramfs-tools/scripts/init-premount:

/etc/initramfs-tools/scripts/init-top:

/etc/initramfs-tools/scripts/local-bottom:

/etc/initramfs-tools/scripts/local-premount:

/etc/initramfs-tools/scripts/local-top:

/etc/initramfs-tools/scripts/nfs-bottom:

/etc/initramfs-tools/scripts/nfs-premount:

/etc/initramfs-tools/scripts/nfs-top:

/etc/initramfs-tools/scripts/panic:

/etc/insserv:
overrides

/etc/insserv/overrides:

/etc/insserv.conf.d:
rpcbind

/etc/iproute2:
bpf_pinning  ematch_map  group	nl_protos  rt_dsfield  rt_protos  rt_protos.d  rt_realms  rt_scopes  rt_tables	rt_tables.d

/etc/iproute2/rt_protos.d:
README

/etc/iproute2/rt_tables.d:
README

/etc/iscsi:
iscsid.conf

/etc/java:
security

/etc/java/security:
security.d

/etc/java/security/security.d:
2000-org.bouncycastle.jce.provider.BouncyCastleProvider

/etc/java-10-oracle:
conf

/etc/java-10-oracle/conf:
logging.properties  management	net.properties	security  sound.properties

/etc/java-10-oracle/conf/management:
jmxremote.access  management.properties

/etc/java-10-oracle/conf/security:
java.policy  java.security  javaws.policy

/etc/java-11-oracle:
conf

/etc/java-11-oracle/conf:
logging.properties  management	net.properties	security  sound.properties

/etc/java-11-oracle/conf/management:
jmxremote.access  management.properties

/etc/java-11-oracle/conf/security:
java.policy  java.security

/etc/java-8-oracle:
security

/etc/java-8-oracle/security:
blacklist  blacklisted.certs  java.policy  java.security  javaws.policy  trusted.libraries

/etc/jed.d:
05jed-common.sl  README

/etc/jython:
jython.conf

/etc/kernel:
header_postinst.d  install.d  postinst.d  postrm.d  preinst.d  prerm.d

/etc/kernel/header_postinst.d:
dkms

/etc/kernel/install.d:

/etc/kernel/postinst.d:
apt-auto-removal  dkms	initramfs-tools  pm-utils

/etc/kernel/postrm.d:
initramfs-tools

/etc/kernel/preinst.d:
intel-microcode

/etc/kernel/prerm.d:
dkms

/etc/ldap:
ldap.conf  ldap.conf.dpkg-dist

/etc/ld.so.conf.d:
fakeroot-x86_64-linux-gnu.conf	libc.conf	       zz_i386-biarch-compat.conf
i386-linux-gnu.conf		x86_64-linux-gnu.conf  zz_x32-biarch-compat.conf

/etc/libblockdev:
conf.d

/etc/libblockdev/conf.d:
00-default.cfg

/etc/libgda-5.0:
config

/etc/libibverbs.d:
bnxt_re.driver	cxgb4.driver  hfi1verbs.driver	i40iw.driver	   mlx4.driver	mthca.driver  ocrdma.driver  rxe.driver
cxgb3.driver	efa.driver    hns.driver	ipathverbs.driver  mlx5.driver	nes.driver    qedr.driver    vmw_pvrdma.driver

/etc/libnl-3:
classid  pktloc

/etc/libpaper.d:
texlive-base

/etc/libreoffice:
psprint.conf  registry	sofficerc  soffice.sh

/etc/libreoffice/registry:
base.xcd  graphicfilter.xcd   librelogo.xcd	  math.xcd		 oo-ldap.xcd.sample  pyuno.xcd		writer.xcd
calc.xcd  impress.xcd	      lingucomponent.xcd  ogltrans.xcd		 pdfimport.xcd	     reportbuilder.xcd	xsltfilter.xcd
draw.xcd  Langpack-en-US.xcd  main.xcd		  oo-ad-ldap.xcd.sample  postgresql.xcd      res

/etc/libreoffice/registry/res:
fcfg_langpack_en-US.xcd

/etc/lightdm:
keys.conf  lightdm.conf  lightdm-gtk-greeter.conf  users.conf

/etc/lighttpd:
conf-available	conf-enabled

/etc/lighttpd/conf-available:
90-javascript-alias.conf

/etc/lighttpd/conf-enabled:
90-javascript-alias.conf

/etc/lldpd.d:
README.conf

/etc/logcheck:
ignore.d.paranoid  ignore.d.server

/etc/logcheck/ignore.d.paranoid:
cracklib-runtime

/etc/logcheck/ignore.d.server:
gpg-agent  hddtemp  libsasl2-modules  rsyslog  x2goserver

/etc/logrotate.d:
alternatives  aptitude	dpkg	    exim4-paniclog  pacct     ppp      samba		  stunnel4  wtmp
apt	      btmp	exim4-base  fail2ban	    pm-utils  rsyslog  speech-dispatcher  winbind

/etc/logrotate.d.save:
fail2ban  wtmp.conf

/etc/lynx:
lynx.cfg  lynx.lss

/etc/mercurial:
hgrc  hgrc.d

/etc/mercurial/hgrc.d:
cacerts.rc  hgext.rc

/etc/minicom:

/etc/modprobe.d:
amd64-microcode-blacklist.conf	intel-microcode-blacklist.conf	nvidia.conf		   nvidia-kernel-common.conf.dpkg-old
dkms.conf			nvidia-blacklists-nouveau.conf	nvidia-kernel-common.conf  open-vm-tools-dkms.conf

/etc/modules-load.d:
ipmievd.conf  modules.conf  nvidia.conf

/etc/monit:
conf-available	monitrc.d

/etc/monit/conf-available:

/etc/monit/monitrc.d:
fail2ban

/etc/Muttrc.d:
charset.rc  colors.rc  compressed-folders.rc  gpg.rc  smime.rc

/etc/mysql:
conf.d	mariadb.cnf  mariadb.conf.d  my.cnf  my.cnf.fallback

/etc/mysql/conf.d:
mysql.cnf  mysqldump.cnf

/etc/mysql/mariadb.conf.d:

/etc/netconf:
hostname  hosts  ip  libnss-ldap.conf  nslcd.conf  pam_ldap.conf  resolv.conf  rsyslog.conf

/etc/network:
if-down.d  if-post-down.d  if-pre-up.d	if-up.d  interfaces  interfaces.d  run

/etc/network/if-down.d:
openvpn  wpasupplicant

/etc/network/if-post-down.d:
avahi-daemon  wpasupplicant

/etc/network/if-pre-up.d:
ethtool  wpasupplicant

/etc/network/if-up.d:
avahi-daemon  ethtool  mountnfs  nslcd	openvpn  wpasupplicant

/etc/network/interfaces.d:

/etc/NetworkManager:
dispatcher.d

/etc/NetworkManager/dispatcher.d:
ntp

/etc/nvidia:
current  legacy-390xx  nvidia-blacklists-nouveau.conf  nvidia-drm-outputclass.conf  nvidia-load.conf  nvidia-modprobe.conf

/etc/nvidia/current:
nvidia-drm-outputclass.conf

/etc/nvidia/legacy-390xx:
nvidia-blacklists-nouveau.conf	nvidia-drm-outputclass.conf  nvidia-load.conf  nvidia-modprobe.conf

/etc/nxagent:
keystrokes.cfg

/etc/ODBCDataSources:

/etc/openal:
alsoft.conf

/etc/OpenCL:
vendors

/etc/OpenCL/vendors:
nvidia.icd

/etc/openmpi:
openmpi-default-hostfile  openmpi-mca-params.conf  openmpi-totalview.tcl

/etc/opensc:
opensc.conf

/etc/openvpn:
client	server	update-resolv-conf

/etc/openvpn/client:

/etc/openvpn/server:

/etc/opt:

/etc/PackageKit:
PackageKit.conf  Vendor.conf

/etc/pam.d:
atd	  common-account   common-session-noninteractive  lightdm-greeter  passwd    runuser-l	sudo	      vmtoolsd
chfn	  common-auth	   cron				  login		   polkit-1  samba	su-l
chpasswd  common-password  lightdm			  newusers	   ppp	     sshd	systemd-user
chsh	  common-session   lightdm-autologin		  other		   runuser   su		tigervnc

/etc/pbuilder:
buildd-config.sh

/etc/perl:
CPAN  Net  XML

/etc/perl/CPAN:

/etc/perl/Net:
libnet.cfg

/etc/perl/XML:
SAX

/etc/perl/XML/SAX:
ParserDetails.ini

/etc/php:
7.0  7.3

/etc/php/7.0:
cli  mods-available

/etc/php/7.0/cli:
conf.d

/etc/php/7.0/cli/conf.d:

/etc/php/7.0/mods-available:

/etc/php/7.3:
cli  mods-available

/etc/php/7.3/cli:
conf.d	php.ini

/etc/php/7.3/cli/conf.d:
10-mysqlnd.ini	 20-ctype.ini	  20-gettext.ini  20-pdo_mysql.ini  20-simplexml.ini  20-tokenizer.ini
10-opcache.ini	 20-dom.ini	  20-iconv.ini	  20-phar.ini	    20-sockets.ini    20-wddx.ini
10-pdo.ini	 20-exif.ini	  20-json.ini	  20-posix.ini	    20-sysvmsg.ini    20-xmlreader.ini
15-xml.ini	 20-fileinfo.ini  20-ldap.ini	  20-readline.ini   20-sysvsem.ini    20-xmlwriter.ini
20-calendar.ini  20-ftp.ini	  20-mysqli.ini   20-shmop.ini	    20-sysvshm.ini    20-xsl.ini

/etc/php/7.3/mods-available:
calendar.ini  fileinfo.ini  json.ini	 opcache.ini	posix.ini      sockets.ini  tokenizer.ini  xmlwriter.ini
ctype.ini     ftp.ini	    ldap.ini	 pdo.ini	readline.ini   sysvmsg.ini  wddx.ini	   xsl.ini
dom.ini       gettext.ini   mysqli.ini	 pdo_mysql.ini	shmop.ini      sysvsem.ini  xml.ini
exif.ini      iconv.ini     mysqlnd.ini  phar.ini	simplexml.ini  sysvshm.ini  xmlreader.ini

/etc/piuparts:
distros.conf		 scripts-debug-packagemanager	scripts-debug-triggers	scripts-log-alternatives      scripts-sysvinit
scripts			 scripts-debug-problemresolver	scripts-jessie		scripts-multi-distro-upgrade  scripts-unused-examples
scripts-apt-first	 scripts-debug-purge		scripts-leftovers	scripts-no-usr-share-doc      scripts-wheezy
scripts-broken-symlinks  scripts-debug-remove		scripts-lenny		scripts-squeeze

/etc/piuparts/scripts:
is_testable_uninstallable		  post_setup_force-unsafe-io		     pre_install_extras
post_chroot_unpack_allow_unauthenticated  post_setup_minimize			     pre_install_foreign_architecture
post_distupgrade_base_cleanup		  post_setup_squeeze-backports		     pre_install_foreign_architecture_i386
post_distupgrade_exceptions		  post_setup_zz_backports		     pre_remove_40_find_missing_md5sums
post_distupgrade_force-unsafe-io	  post_test_exceptions			     pre_remove_40_find_obsolete_conffiles
post_distupgrade_squeeze-backports	  pre_distupgrade_allow_unauthenticated      pre_remove_40_find_unowned_lib_links
post_distupgrade_zz_backports		  pre_distupgrade_exceptions		     pre_remove_50_find_bad_permissions
post_install_exceptions			  pre_distupgrade_foreign_architecture_i386  pre_remove_50_find_missing_copyright
post_purge_exceptions			  pre_distupgrade_zz_database-server	     pre_remove_exceptions
post_remove_exceptions			  pre_distupgrade_zz_upgrade_early	     pre_test_exceptions
post_setup_dummy_users			  pre_install_database-server		     pre_test_root_password
post_setup_forbid_home			  pre_install_exceptions

/etc/piuparts/scripts-apt-first:
pre_distupgrade_zz_apt_first

/etc/piuparts/scripts-broken-symlinks:
post_install_extras_unbreak_symlinks  post_setup_fake-essential_unbreak_symlinks

/etc/piuparts/scripts-debug-packagemanager:
pre_distupgrade_debug_packagemanager

/etc/piuparts/scripts-debug-problemresolver:
pre_distupgrade_debug_problemresolver  pre_install_debug_problemresolver

/etc/piuparts/scripts-debug-purge:
post_remove_postrm_set-x

/etc/piuparts/scripts-debug-remove:
pre_remove_prerm_postrm_set-x

/etc/piuparts/scripts-debug-triggers:
pre_distupgrade_debug_triggers	pre_install_debug_triggers

/etc/piuparts/scripts-jessie:
post_setup_jessie-fake-essential

/etc/piuparts/scripts-leftovers:
post_purge_manual_cleanup  post_remove_cleanup	post_setup_fake-essential  pre_remove_preseed_cleanup

/etc/piuparts/scripts-lenny:
post_remove_exceptions_lenny  post_setup_lenny-fake-essential

/etc/piuparts/scripts-log-alternatives:
post_install_log_alternatives  pre_install_log_alternatives

/etc/piuparts/scripts-multi-distro-upgrade:
post_distupgrade_base_cleanup_multi-distro-upgrade  post_setup_fake-essential_multi-distro-upgrade
post_distupgrade_exceptions_multi-distro-upgrade    pre_remove_exceptions_multi-distro-upgrade

/etc/piuparts/scripts-no-usr-share-doc:
post_setup_disable_usr_share_doc

/etc/piuparts/scripts-squeeze:
post_distupgrade_squeeze-fake-essential  post_remove_exceptions_squeeze  post_setup_squeeze-fake-essential

/etc/piuparts/scripts-sysvinit:
pre_distupgrade_zz_sysvinit

/etc/piuparts/scripts-unused-examples:
post_chroot_unpack_key_setup

/etc/piuparts/scripts-wheezy:
post_setup_wheezy-fake-essential  pre_distupgrade_wheezy

/etc/pm:
config.d  power.d  sleep.d

/etc/pm/config.d:

/etc/pm/power.d:

/etc/pm/sleep.d:

/etc/polkit-1:
localauthority	localauthority.conf.d  nullbackend.conf.d
ls: cannot open directory '/etc/polkit-1/localauthority': Permission denied

/etc/polkit-1/localauthority.conf.d:
50-localauthority.conf	51-debian-sudo.conf

/etc/polkit-1/nullbackend.conf.d:
50-nullbackend.conf

/etc/postgresql-common:
supported_versions  user_clusters

/etc/ppp:
chap-secrets  ip-down  ip-down.d  ip-up  ip-up.d  ipv6-down  ipv6-down.d  ipv6-up  ipv6-up.d  options  pap-secrets  peers

/etc/ppp/ip-down.d:
0000usepeerdns	0stunnel4

/etc/ppp/ip-up.d:
0000usepeerdns	0stunnel4  exim4

/etc/ppp/ipv6-down.d:

/etc/ppp/ipv6-up.d:

/etc/ppp/peers:
provider

/etc/profile.d:
bash_completion.sh  cs424.sh  gawk.csh	gawk.sh  jdk.csh  jdk.sh  umask.sh  vte-2.91.sh

/etc/pulse:
client.conf  client.conf.d  daemon.conf  default.pa  system.pa

/etc/pulse/client.conf.d:
00-disable-autospawn.conf

/etc/purple:
prefs.xml

/etc/python:
debian_config

/etc/python2.7:
sitecustomize.py

/etc/python3:
debian_config

/etc/python3.5:
sitecustomize.py

/etc/python3.7:
sitecustomize.py

/etc/R:
ldpaths  Makeconf  Renviron  Renviron.site  repositories  Rprofile.site

/etc/racket:
config.rktd

/etc/rc0.d:
K01acct		 K01fail2ban	K01nmbd			K01pcscd	K01speech-dispatcher  K03sendsigs      K08umountfs
K01alsa-utils	 K01gdomap	K01nscd			K01pyro-nsd	K01stunnel4	      K04rsyslog       K09umountroot
K01atd		 K01hddtemp	K01nslcd		K01quotarpc	K01urandom	      K05umountnfs.sh  K10halt
K01avahi-daemon  K01ipmievd	K01nvidia-persistenced	K01samba-ad-dc	K01winbind	      K06nfs-common    README
K01bluetooth	 K01irqbalance	K01openipmi		K01saned	K01x2goserver	      K06rpcbind
K01brightness	 K01lightdm	K01open-vm-tools	K01smbd		K02quota	      K07hwclock.sh
K01exim4	 K01lldpd	K01openvpn		K01snmpd	K02udev		      K07networking

/etc/rc1.d:
K01acct		 K01fail2ban	K01lldpd		K01open-vm-tools  K01saned		K01winbind     S01killprocs
K01alsa-utils	 K01gdomap	K01nmbd			K01openvpn	  K01smartmontools	K01x2goserver  S02single
K01atd		 K01hddtemp	K01nscd			K01pcscd	  K01smbd		K04rsyslog     S06bootlogs
K01avahi-daemon  K01ipmievd	K01nslcd		K01pyro-nsd	  K01snmpd		K06nfs-common  S07bootchart-done
K01bluetooth	 K01irqbalance	K01nvidia-persistenced	K01quotarpc	  K01speech-dispatcher	K06rpcbind
K01exim4	 K01lightdm	K01openipmi		K01samba-ad-dc	  K01stunnel4		README

/etc/rc2.d:
K01gdomap	      README		      S02samba-ad-dc  S04hddtemp      S04quotarpc    S05avahi-daemon  S06saned
K01ipmievd	      S01console-setup.sh     S02sudo	      S04irqbalance   S04rmnologin   S05bluetooth     S06sysfsutils
K01nmbd		      S02binfmt-support       S03openvpn      S04lldpd	      S04snmpd	     S05cpufrequtils  S07bootchart-done
K01openipmi	      S02fancontrol	      S04acct	      S04loadcpufreq  S04ssh	     S05exim4	      S07rc.local
K01smartmontools      S02nvidia-persistenced  S04acpid	      S04nscd	      S04stunnel4    S05lightdm
K01smbd		      S02open-vm-tools	      S04anacron      S04nslcd	      S04sysstat     S06bootlogs
K01speech-dispatcher  S02pyro-nsd	      S04dbus	      S04ntp	      S04x2goserver  S06cron
K01winbind	      S02rsyslog	      S04fail2ban     S04pcscd	      S05atd	     S06rsync

/etc/rc3.d:
K01gdomap	      README		      S02samba-ad-dc  S04hddtemp      S04quotarpc    S05avahi-daemon  S06saned
K01ipmievd	      S01console-setup.sh     S02sudo	      S04irqbalance   S04rmnologin   S05bluetooth     S06sysfsutils
K01nmbd		      S02binfmt-support       S03openvpn      S04lldpd	      S04snmpd	     S05cpufrequtils  S07bootchart-done
K01openipmi	      S02fancontrol	      S04acct	      S04loadcpufreq  S04ssh	     S05exim4	      S07rc.local
K01smartmontools      S02nvidia-persistenced  S04acpid	      S04nscd	      S04stunnel4    S05lightdm
K01smbd		      S02open-vm-tools	      S04anacron      S04nslcd	      S04sysstat     S06bootlogs
K01speech-dispatcher  S02pyro-nsd	      S04dbus	      S04ntp	      S04x2goserver  S06cron
K01winbind	      S02rsyslog	      S04fail2ban     S04pcscd	      S05atd	     S06rsync

/etc/rc4.d:
K01gdomap	      README		      S02samba-ad-dc  S04hddtemp      S04quotarpc    S05avahi-daemon  S06saned
K01ipmievd	      S01console-setup.sh     S02sudo	      S04irqbalance   S04rmnologin   S05bluetooth     S06sysfsutils
K01nmbd		      S02binfmt-support       S03openvpn      S04lldpd	      S04snmpd	     S05cpufrequtils  S07bootchart-done
K01openipmi	      S02fancontrol	      S04acct	      S04loadcpufreq  S04ssh	     S05exim4	      S07rc.local
K01smartmontools      S02nvidia-persistenced  S04acpid	      S04nscd	      S04stunnel4    S05lightdm
K01smbd		      S02open-vm-tools	      S04anacron      S04nslcd	      S04sysstat     S06bootlogs
K01speech-dispatcher  S02pyro-nsd	      S04dbus	      S04ntp	      S04x2goserver  S06cron
K01winbind	      S02rsyslog	      S04fail2ban     S04pcscd	      S05atd	     S06rsync

/etc/rc5.d:
K01gdomap	      README		      S02samba-ad-dc  S04hddtemp      S04quotarpc    S05avahi-daemon  S06saned
K01ipmievd	      S01console-setup.sh     S02sudo	      S04irqbalance   S04rmnologin   S05bluetooth     S06sysfsutils
K01nmbd		      S02binfmt-support       S03openvpn      S04lldpd	      S04snmpd	     S05cpufrequtils  S07bootchart-done
K01openipmi	      S02fancontrol	      S04acct	      S04loadcpufreq  S04ssh	     S05exim4	      S07rc.local
K01smartmontools      S02nvidia-persistenced  S04acpid	      S04nscd	      S04stunnel4    S05lightdm
K01smbd		      S02open-vm-tools	      S04anacron      S04nslcd	      S04sysstat     S06bootlogs
K01speech-dispatcher  S02pyro-nsd	      S04dbus	      S04ntp	      S04x2goserver  S06cron
K01winbind	      S02rsyslog	      S04fail2ban     S04pcscd	      S05atd	     S06rsync

/etc/rc6.d:
K01acct		 K01fail2ban	K01nmbd			K01pcscd	K01speech-dispatcher  K03sendsigs      K08umountfs
K01alsa-utils	 K01gdomap	K01nscd			K01pyro-nsd	K01stunnel4	      K04rsyslog       K09umountroot
K01atd		 K01hddtemp	K01nslcd		K01quotarpc	K01urandom	      K05umountnfs.sh  K10reboot
K01avahi-daemon  K01ipmievd	K01nvidia-persistenced	K01samba-ad-dc	K01winbind	      K06nfs-common    README
K01bluetooth	 K01irqbalance	K01openipmi		K01saned	K01x2goserver	      K06rpcbind
K01brightness	 K01lightdm	K01open-vm-tools	K01smbd		K02quota	      K07hwclock.sh
K01exim4	 K01lldpd	K01openvpn		K01snmpd	K02udev		      K07networking

/etc/rcS.d:
K15nfs-common	   S02udev		 S07checkfs.sh		    S11apparmor    S12networking	     S16bootmisc.sh
K20quota	   S03keyboard-setup.sh  S08checkroot-bootclean.sh  S11brightness  S13rpcbind		     S16lm-sensors
README		   S04mountdevsubfs.sh	 S08kmod		    S11pppd-dns    S14mountnfs.sh	     S16screen-cleanup
S01hostname.sh	   S05hwclock.sh	 S09mountall.sh		    S11procps	   S15mountnfs-bootclean.sh  S16x11-common
S01mountkernfs.sh  S06checkroot.sh	 S10mountall-bootclean.sh   S11urandom	   S16alsa-utils

/etc/reader.conf.d:
libccidtwin

/etc/request-key.d:
cifs.idmap.conf  cifs.spnego.conf  id_resolver.conf

/etc/resolvconf:
update-libc.d

/etc/resolvconf/update-libc.d:
avahi-daemon

/etc/rlwrap:
clojure1.2  clojure1.6

/etc/rsyslog.d:

/etc/runit:
runsvdir

/etc/runit/runsvdir:
default

/etc/runit/runsvdir/default:
irqbalance

/etc/samba:
gdbcommands  smb.conf  tls

/etc/samba/tls:

/etc/sane.d:
abaton.conf	     coolscan2.conf	 epson.conf    ibm.conf		mustek_pp.conf	 rts8891.conf	teco2.conf
agfafocus.conf	     coolscan3.conf	 epsonds.conf  kodakaio.conf	mustek_usb.conf  s9036.conf	teco3.conf
apple.conf	     coolscan.conf	 fujitsu.conf  kodak.conf	nec.conf	 saned.conf	test.conf
artec.conf	     dc210.conf		 genesys.conf  kvs1025.conf	net.conf	 sceptre.conf	u12.conf
artec_eplus48u.conf  dc240.conf		 gphoto2.conf  leo.conf		p5.conf		 sharp.conf	umax1220u.conf
avision.conf	     dc25.conf		 gt68xx.conf   lexmark.conf	pie.conf	 sm3840.conf	umax.conf
bh.conf		     dell1600n_net.conf  hp3900.conf   ma1509.conf	pieusb.conf	 snapscan.conf	umax_pp.conf
canon630u.conf	     dll.conf		 hp4200.conf   magicolor.conf	pixma.conf	 sp15c.conf	v4l.conf.dpkg-remove
canon.conf	     dll.d		 hp5400.conf   matsushita.conf	plustek.conf	 st400.conf	xerox_mfp.conf
canon_dr.conf	     dmc.conf		 hp.conf       microtek2.conf	plustek_pp.conf  stv680.conf
canon_pp.conf	     epjitsu.conf	 hpsj5s.conf   microtek.conf	qcam.conf	 tamarack.conf
cardscan.conf	     epson2.conf	 hs2p.conf     mustek.conf	ricoh.conf	 teco1.conf

/etc/sane.d/dll.d:

/etc/scite:
abaqus.properties	 csound.properties     kix.properties	     others.properties	     sorcins.properties
abbrev.properties	 css.properties        latex.properties      pascal.properties	     specman.properties
ada.properties		 d.properties	       lisp.properties	     perl.properties	     spice.properties
asl.properties		 ecl.properties        lot.properties	     pov.properties	     sql.properties
asm.properties		 eiffel.properties     lout.properties	     powerpro.properties     tacl.properties
asn1.properties		 Embedded.properties   lua.properties	     powershell.properties   tal.properties
au3.properties		 erlang.properties     markdown.properties   ps.properties	     tcl.properties
ave.properties		 escript.properties    matlab.properties     purebasic.properties    tex.properties
avs.properties		 flagship.properties   maxima.properties     python.properties	     txt2tags.properties
baan.properties		 forth.properties      metapost.properties   rebol.properties	     vb.properties
blitzbasic.properties	 fortran.properties    mmixal.properties     registry.properties     verilog.properties
bullant.properties	 freebasic.properties  modula3.properties    r.properties	     vhdl.properties
caml.properties		 gap.properties        nim.properties	     ruby.properties	     visualprolog.properties
cmake.properties	 haskell.properties    nimrod.properties     rust.properties	     yaml.properties
cobol.properties	 hex.properties        nncrontab.properties  SciTEGlobal.properties
coffeescript.properties  html.properties       nsis.properties	     SciTE.properties
conf.properties		 inno.properties       opal.properties	     scriptol.properties
cpp.properties		 json.properties       oscript.properties    smalltalk.properties

/etc/security:
access.conf	 group.conf   limits.conf.dpkg-old  limits.ssh.conf  namespace.d     opasswd	   sepermit.conf
capability.conf  limits.conf  limits.d		    namespace.conf   namespace.init  pam_env.conf  time.conf

/etc/security/limits.d:

/etc/security/namespace.d:

/etc/selinux:
semanage.conf

/etc/sensors.d:

/etc/sgml:
catalog  docbook-xml  docbook-xml.cat  docutils-common.cat  jade.cat  openjade.cat  sgml-data.cat  w3c-dtd-xhtml.cat  xml-core.cat

/etc/sgml/docbook-xml:
4.0  4.1.2  4.2  4.3  4.4  4.5

/etc/sgml/docbook-xml/4.0:
dbgenent.ent

/etc/sgml/docbook-xml/4.1.2:
dbgenent.mod

/etc/sgml/docbook-xml/4.2:
dbgenent.mod

/etc/sgml/docbook-xml/4.3:
dbgenent.mod

/etc/sgml/docbook-xml/4.4:
dbgenent.mod

/etc/sgml/docbook-xml/4.5:
dbgenent.mod

/etc/skel:

/etc/smartmontools:
run.d  smartd_warning.d

/etc/smartmontools/run.d:
10mail

/etc/smartmontools/smartd_warning.d:

/etc/snmp:
snmp.conf  snmpd.conf  snmpd.conf.save

/etc/sound:
events

/etc/sound/events:
gnome-2.soundlist  gtk-events-2.soundlist

/etc/speech-dispatcher:
clients  modules  speechd.conf

/etc/speech-dispatcher/clients:
emacs.conf

/etc/speech-dispatcher/modules:
baratinoo.conf	  epos-generic.conf    espeak-mbrola-generic.conf     festival.conf  ivona.conf		     mary-generic.conf
cicero.conf	  espeak.conf	       espeak-ng.conf		      flite.conf     kali.conf		     pico-generic.conf
dtk-generic.conf  espeak-generic.conf  espeak-ng-mbrola-generic.conf  ibmtts.conf    llia_phon-generic.conf  swift-generic.conf

/etc/ssh:
moduli		     sshd_config	   ssh_host_dsa_key.pub    ssh_host_ed25519_key      ssh_host_rsa_key.pub
ssh_config	     sshd_config.ucf-dist  ssh_host_ecdsa_key	   ssh_host_ed25519_key.pub
ssh_config.dpkg-old  ssh_host_dsa_key	   ssh_host_ecdsa_key.pub  ssh_host_rsa_key

/etc/ssl:
cacert.pem  certs  openssl.cnf	private

/etc/ssl/certs:
 02265526.0							 COMODO_Certification_Authority.pem
 03179a64.0							 COMODO_ECC_Certification_Authority.pem
 062cdee6.0							 COMODO_RSA_Certification_Authority.pem
 064e0aa9.0							 Cybertrust_Global_Root.pem
 06dc52d5.0							 d4dae3dd.0
 07ec2cc8							 d6325660.0
 07ec2cc8.0							 d7e8dc79.0
 080911ac.0							 d853d49e.0
 09789157.0							 dc4d6a89.0
 0a775a30.0							 dd8e9d41.0
 0b1b94ef.0							 de6d66f3.0
 0bf05006.0							 def36a68.0
 0c4c9b6c.0							 DigiCert_Assured_ID_Root_CA.pem
 0f5dc4f3.0							 DigiCert_Assured_ID_Root_G2.pem
 0f6fa695.0							 DigiCert_Assured_ID_Root_G3.pem
 1001acf7.0							 DigiCert_Global_Root_CA.pem
 106f3e4d.0							 DigiCert_Global_Root_G2.pem
 128805a3.0							 DigiCert_Global_Root_G3.pem
 14bc7599.0							 DigiCert_High_Assurance_EV_Root_CA.pem
 1636090b.0							 DigiCert_Trusted_Root_G4.pem
 18856ac4.0							 DST_Root_CA_X3.pem
 1d3472b9.0							 D-TRUST_Root_Class_3_CA_2_2009.pem
 1e08bfd1.0							 D-TRUST_Root_Class_3_CA_2_EV_2009.pem
 1e09d511.0							 e113c810.0
 244b5494.0							 e18bfb83.0
 2923b3f9.0							 e36a6752.0
 2ae6433e.0							 e73d606e.0
 2b349938.0							 e8de2f56.0
 2e5ac55d.0							 EC-ACC.pem
 32888f65.0							 ee64a828.0
 349f2832.0							 EE_Certification_Centre_Root_CA.pem
 3513523f.0							 eed8c118.0
 3bde41ac.0							 ef954a4e.0
 3e44d2f7.0							 emSign_ECC_Root_CA_-_C3.pem
 3e45d192.0							 emSign_ECC_Root_CA_-_G3.pem
 40193066.0							 emSign_Root_CA_-_C1.pem
 4042bcee.0							 emSign_Root_CA_-_G1.pem
 40547a79.0							 Entrust.net_Premium_2048_Secure_Server_CA.pem
 406c9bb1.0							 Entrust_Root_Certification_Authority_-_EC1.pem
 4304c5e5.0							 Entrust_Root_Certification_Authority_-_G2.pem
 48bec511.0							 Entrust_Root_Certification_Authority_-_G4.pem
 4a6481c9.0							 Entrust_Root_Certification_Authority.pem
 4b718d9b.0							 ePKI_Root_Certification_Authority.pem
 4bfab552.0							 E-Tugra_Certification_Authority.pem
 4f316efb.0							 f081611a.0
 5273a94c.0							 f0c70a8d.0
 5443e9e3.0							 f30dd6ad.0
 54657681.0							 f3377b1b.0
 57bcb2da.0							 f387163d.0
 5a4d6896.0							 f39fc864.0
 5ad8a5d6.0							 f51bb24c.0
 5c44d531.0							 fc5a8f99.0
 5cd81ad7.0							 fe8a2cd8.0
 5d3033c5.0							 ff34af3f.0
 5e98733a.0							 GDCA_TrustAUTH_R5_ROOT.pem
 5f15c80c.0							 GeoTrust_Universal_CA_2.pem
 607986c7.0							 Global_Chambersign_Root_-_2008.pem
 626dceaf.0							 GlobalSign_ECC_Root_CA_-_R4.pem
 6410666e.0							 GlobalSign_ECC_Root_CA_-_R5.pem
 653b494a.0							 GlobalSign_Root_CA.pem
 68dd7389.0							 GlobalSign_Root_CA_-_R2.pem
 6b99d060.0							 GlobalSign_Root_CA_-_R3.pem
 6d41d539.0							 GlobalSign_Root_CA_-_R6.pem
 6fa5da56.0							 Go_Daddy_Class_2_CA.pem
 706f604c.0							 Go_Daddy_Root_Certificate_Authority_-_G2.pem
 749e9e03.0							 GTS_Root_R1.pem
 75d1b2ed.0							 GTS_Root_R2.pem
 76cb8f92.0							 GTS_Root_R3.pem
 76faf6c0.0							 GTS_Root_R4.pem
 7719f463.0							 Hellenic_Academic_and_Research_Institutions_ECC_RootCA_2015.pem
 773e07ad.0							 Hellenic_Academic_and_Research_Institutions_RootCA_2011.pem
 7aaf71c0.0							 Hellenic_Academic_and_Research_Institutions_RootCA_2015.pem
 7f3d5d1d.0							 Hongkong_Post_Root_CA_1.pem
 8160b96c.0							 Hongkong_Post_Root_CA_3.pem
 8867006a.0							 IdenTrust_Commercial_Root_CA_1.pem
 8cb5ee0f.0							 IdenTrust_Public_Sector_Root_CA_1.pem
 8d86cdd1.0							 ISRG_Root_X1.pem
 930ac5d2.0							 Izenpe.com.pem
 93bc0acc.0							 LuxTrust_Global_Root_2.pem
 988a38cb.0							 Microsec_e-Szigno_Root_CA_2009.pem
 9c2e7d30.0							'NetLock_Arany_=Class_Gold=_FÅ‘tanÃºsÃ­tvÃ¡ny.pem'
 9c8dfbd4.0							 Network_Solutions_Certificate_Authority.pem
 9d04f354.0							 OISTE_WISeKey_Global_Root_GA_CA.pem
 a3418fda.0							 OISTE_WISeKey_Global_Root_GB_CA.pem
 a94d09e5.0							 OISTE_WISeKey_Global_Root_GC_CA.pem
 ACCVRAIZ1.pem							 QuoVadis_Root_CA_1_G3.pem
 AC_RAIZ_FNMT-RCM.pem						 QuoVadis_Root_CA_2_G3.pem
 Actalis_Authentication_Root_CA.pem				 QuoVadis_Root_CA_2.pem
 aee5f10d.0							 QuoVadis_Root_CA_3_G3.pem
 AffirmTrust_Commercial.pem					 QuoVadis_Root_CA_3.pem
 AffirmTrust_Networking.pem					 QuoVadis_Root_CA.pem
 AffirmTrust_Premium_ECC.pem					 Secure_Global_CA.pem
 AffirmTrust_Premium.pem					 SecureSign_RootCA11.pem
 Amazon_Root_CA_1.pem						 SecureTrust_CA.pem
 Amazon_Root_CA_2.pem						 Security_Communication_RootCA2.pem
 Amazon_Root_CA_3.pem						 Security_Communication_Root_CA.pem
 Amazon_Root_CA_4.pem						 Sonera_Class_2_Root_CA.pem
 Atos_TrustedRoot_2011.pem					 ssl-cert-snakeoil.pem
 Autoridad_de_Certificacion_Firmaprofesional_CIF_A62634068.pem	 SSL.com_EV_Root_Certification_Authority_ECC.pem
 b0e59380.0							 SSL.com_EV_Root_Certification_Authority_RSA_R2.pem
 b1159c4c.0							 SSL.com_Root_Certification_Authority_ECC.pem
 b1b8a7f3.0							 SSL.com_Root_Certification_Authority_RSA.pem
 b66938e9.0							 Staat_der_Nederlanden_EV_Root_CA.pem
 b727005e.0							 Staat_der_Nederlanden_Root_CA_-_G2.pem
 b7a5b843.0							 Staat_der_Nederlanden_Root_CA_-_G3.pem
 Baltimore_CyberTrust_Root.pem					 Starfield_Class_2_CA.pem
 Buypass_Class_2_Root_CA.pem					 Starfield_Root_Certificate_Authority_-_G2.pem
 Buypass_Class_3_Root_CA.pem					 Starfield_Services_Root_Certificate_Authority_-_G2.pem
 c01eb047.0							 SwissSign_Gold_CA_-_G2.pem
 c0ff1f52.0							 SwissSign_Silver_CA_-_G2.pem
 c28a8a30.0							 SZAFIR_ROOT_CA2.pem
 c47d9980.0							 Taiwan_GRCA.pem
 ca6e4ad9.0							 TeliaSonera_Root_CA_v1.pem
 ca-certificates.crt						 TrustCor_ECA-1.pem
 CA_Disig_Root_R2.pem						 TrustCor_RootCert_CA-1.pem
 cbf06781.0							 TrustCor_RootCert_CA-2.pem
 cc450945.0							 Trustis_FPS_Root_CA.pem
 cd58d51e.0							 T-TeleSec_GlobalRoot_Class_2.pem
 cd8c0d63.0							 T-TeleSec_GlobalRoot_Class_3.pem
 ce5e74ef.0							 TUBITAK_Kamu_SM_SSL_Kok_Sertifikasi_-_Surum_1.pem
 Certigna.pem							 TWCA_Global_Root_CA.pem
 Certigna_Root_CA.pem						 TWCA_Root_Certification_Authority.pem
 certSIGN_ROOT_CA.pem						 UCA_Extended_Validation_Root.pem
 Certum_Trusted_Network_CA_2.pem				 UCA_Global_G2_Root.pem
 Certum_Trusted_Network_CA.pem					 USERTrust_ECC_Certification_Authority.pem
 CFCA_EV_ROOT.pem						 USERTrust_RSA_Certification_Authority.pem
 Chambers_of_Commerce_Root_-_2008.pem				 Verisign_Class_3_Public_Primary_Certification_Authority_-_G3.pem
 Comodo_AAA_Services_root.pem					 XRamp_Global_CA_Root.pem
ls: cannot open directory '/etc/ssl/private': Permission denied

/etc/stunnel:
README

/etc/subversion:
config	servers

/etc/sudoers.d:
cs424  README  x2goserver

/etc/sv:
irqbalance

/etc/sv/irqbalance:
run  supervise

/etc/sysctl.d:
00-perf.conf  99-sysctl.conf  core-dump.conf  protect-links.conf  README.sysctl

/etc/sysfs.d:

/etc/sysstat:
sysstat  sysstat.ioconf

/etc/systemd:
journald.conf		 logind.conf.dpkg-dist	pstore.conf    system	       user		    user.conf.save
journald.conf.dpkg-dist  network		resolved.conf  system.conf     user.conf
logind.conf		 networkd.conf		sleep.conf     timesyncd.conf  user.conf.dpkg-dist

/etc/systemd/network:
10-eth0.link

/etc/systemd/system:
acct.service.d				    halt.service		 paths.target.wants
anacron.service.d			    headless.service		 rc.local.service
apparmor.service.d			    hostname.service		 reboot.service
autovt@.service.d			    import-linux1.mount		 remote-fs-pre.target.wants
backup.mount				    import-linux1.mount.d	 remote-fs.target.requires
backup.mount.d				    import-linux.mount		 rmnologin.service
bluetooth.target.wants			    import-linux.mount.d	 rpcbind.service.d
bootlogs.service			    killprocs.service		 rpc-gssd.service.requires
bootmisc.service			    lightdm.service.d		 rpc-statd.service.d
brightness.service			    local-fs.target.d		 rpc-svcgssd.service.requires
checkfs.service				    microchip.mount.d		 rsyslog.service.d
checkroot-bootclean.service		    mountall-bootclean.service	 samba-ad-dc.service
checkroot.service			    mountall.service		 sendsigs.service
console-kit-daemon.service.d		    mountdevsubfs.service	 single.service
console-kit-log-system-restart.service.d    mountkernfs.service		 smbd.service.d
console-kit-log-system-start.service.d	    mountnfs-bootclean.service	 snmpd.service.d
console-kit-log-system-stop.service.d	    mountnfs.service		 sockets.target.wants
cron.service.d				    multi-user.target.wants	 sshd.service
dbus-fi.w1.wpa_supplicant1.service	    networking.service.d	 ssh.service.d
dbus-org.freedesktop.ModemManager1.service  network-online.target.d	 sudo.service.d
dbus-org.freedesktop.timesync1.service	    network-online.target.wants  sysinit.target.wants
default.target.wants			    nfs-client.target.d		 syslog.service
display-manager.service			    nfs-client.target.wants	 systemd-networkd-wait-online.service.d
exim4.service.d				    nfs-idmapd.service.d	 systemd-tmpfiles-setup.service.d
fail2ban.service.d			    nfs-idmapd.service.requires  timers.target.wants
getty@.service.d			    nfs-mounts.service		 umountfs.service
getty.target.requires			    nfs-server.service.wants	 umountnfs.service
getty.target.wants			    nfs-utils.service.requires	 umountroot.service
go-mmproxy.service			    nmbd.service.d		 urandom.service
go-mmproxy.service.d			    nscd.service.d		 var-log.mount.d
graphical.target.wants			    nslcd.service.d		 vmtoolsd.service
gssproxy.service.requires		    open-vm-tools.service.d	 x2goserver.service.d

/etc/systemd/system/acct.service.d:
unit.conf

/etc/systemd/system/anacron.service.d:
mounts.conf
ls: cannot open directory '/etc/systemd/system/apparmor.service.d': Permission denied

/etc/systemd/system/backup.mount.d:
unit.conf

/etc/systemd/system/bluetooth.target.wants:
bluetooth.service

/etc/systemd/system/console-kit-daemon.service.d:
mounts.conf

/etc/systemd/system/console-kit-log-system-restart.service.d:
mounts.conf

/etc/systemd/system/console-kit-log-system-start.service.d:
mounts.conf

/etc/systemd/system/console-kit-log-system-stop.service.d:
mounts.conf

/etc/systemd/system/cron.service.d:
mounts.conf

/etc/systemd/system/default.target.wants:
e2scrub_reap.service

/etc/systemd/system/exim4.service.d:
mounts.conf

/etc/systemd/system/fail2ban.service.d:
unit.conf

/etc/systemd/system/getty@.service.d:
notty.conf

/etc/systemd/system/getty.target.requires:
headless.service

/etc/systemd/system/getty.target.wants:
getty@tty1.service

/etc/systemd/system/go-mmproxy.service.d:
mm.conf

/etc/systemd/system/graphical.target.wants:
accounts-daemon.service  rtkit-daemon.service  udisks2.service

/etc/systemd/system/gssproxy.service.requires:
network-online.target

/etc/systemd/system/import-linux1.mount.d:
unit.conf

/etc/systemd/system/import-linux.mount.d:
mounts.conf

/etc/systemd/system/lightdm.service.d:
mount.conf

/etc/systemd/system/local-fs.target.d:
mounts.conf

/etc/systemd/system/microchip.mount.d:
mounts.conf

/etc/systemd/system/multi-user.target.wants:
anacron.service		go-mmproxy.service    ntp.service		   rpc-gssd.service		    vboxdrv.service
atd.service		irqbalance.service    nvidia-persistenced.service  rsync.service		    vboxweb-service.service
avahi-daemon.service	lldpd.service	      open-vm-tools.service	   rsyslog.service		    wpa_supplicant.service
binfmt-support.service	lm-sensors.service    openvpn.service		   snmpd.service		    x2goserver.service
console-setup.service	ModemManager.service  pppd-dns.service		   ssh.service
cron.service		networking.service    quotarpc.service		   sysstat.service
fail2ban.service	nfs-client.target     remote-fs.target		   vboxautostart-service.service
fancontrol.service	nscd.service	      rpcbind.service		   vboxballoonctrl-service.service

/etc/systemd/system/networking.service.d:
service.conf

/etc/systemd/system/network-online.target.d:
unit.conf

/etc/systemd/system/network-online.target.wants:
networking.service  systemd-networkd-wait-online.service

/etc/systemd/system/nfs-client.target.d:
unit.conf

/etc/systemd/system/nfs-client.target.wants:
rpc-statd-notify.service

/etc/systemd/system/nfs-idmapd.service.d:
unit.conf

/etc/systemd/system/nfs-idmapd.service.requires:
network-online.target

/etc/systemd/system/nfs-server.service.wants:
rpc-statd.service

/etc/systemd/system/nfs-utils.service.requires:
network-online.target

/etc/systemd/system/nmbd.service.d:
mounts.conf

/etc/systemd/system/nscd.service.d:
unit.conf

/etc/systemd/system/nslcd.service.d:
unit.conf

/etc/systemd/system/open-vm-tools.service.d:
service.conf

/etc/systemd/system/paths.target.wants:
acpid.path

/etc/systemd/system/remote-fs-pre.target.wants:
rpcbind.target

/etc/systemd/system/remote-fs.target.requires:
nfs-mounts.service

/etc/systemd/system/rpcbind.service.d:
unit.conf

/etc/systemd/system/rpc-gssd.service.requires:
network-online.target

/etc/systemd/system/rpc-statd.service.d:
mounts.conf

/etc/systemd/system/rpc-svcgssd.service.requires:
network-online.target

/etc/systemd/system/rsyslog.service.d:
storage.conf

/etc/systemd/system/smbd.service.d:
mounts.conf

/etc/systemd/system/snmpd.service.d:
unit.conf

/etc/systemd/system/sockets.target.wants:
acpid.socket  avahi-daemon.socket  gpsd.socket	pcscd.socket  rpcbind.socket

/etc/systemd/system/ssh.service.d:
unit.conf

/etc/systemd/system/sudo.service.d:
mounts.conf

/etc/systemd/system/sysinit.target.wants:
apparmor.service  keyboard-setup.service  systemd-pstore.service  systemd-timesyncd.service

/etc/systemd/system/systemd-networkd-wait-online.service.d:
unit.conf

/etc/systemd/system/systemd-tmpfiles-setup.service.d:
mounts.conf

/etc/systemd/system/timers.target.wants:
anacron.timer  e2scrub_all.timer  exim4-base.timer  logrotate.timer  man-db.timer  phpsessionclean.timer

/etc/systemd/system/var-log.mount.d:
mounts.conf
ls: cannot open directory '/etc/systemd/system/x2goserver.service.d': Permission denied

/etc/systemd/user:
default.target.wants  sockets.target.wants

/etc/systemd/user/default.target.wants:
pulseaudio.service

/etc/systemd/user/sockets.target.wants:
dirmngr.socket	gpg-agent-browser.socket  gpg-agent-extra.socket  gpg-agent.socket  gpg-agent-ssh.socket  pulseaudio.socket

/etc/terminfo:
README

/etc/tex4ht:
tex4ht.env

/etc/texmf:
dvipdfmx  dvips  hyphen.d  tex	texdoctk  texmf.d  web2c

/etc/texmf/dvipdfmx:

/etc/texmf/dvips:
config

/etc/texmf/dvips/config:

/etc/texmf/hyphen.d:

/etc/texmf/tex:
context  generic

/etc/texmf/tex/context:
user

/etc/texmf/tex/context/user:
cont-sys.rme

/etc/texmf/tex/generic:
config

/etc/texmf/tex/generic/config:

/etc/texmf/texdoctk:
texdocrc.defaults

/etc/texmf/texmf.d:
00debian.cnf

/etc/texmf/web2c:
mktex.cnf  texmf.cnf

/etc/thunderbird:
pref

/etc/thunderbird/pref:
thunderbird.js

/etc/tigervnc:
ecparams.pem  ssleay.cnf

/etc/timidity:
freepats.cfg

/etc/tmpfiles.d:
acct.conf  debian.conf	home.local.conf  lightdm.conf  nfs-common.conf	    snmpd.conf	var-log.conf	      var-work.conf
dbus.conf  home.conf	legacy.conf	 media.conf    screen-cleanup.conf  ssh.conf	var-spool-exim4.conf  x2go.conf

/etc/udev:
hwdb.d	rules.d  udev.conf

/etc/udev/hwdb.d:

/etc/udev/rules.d:
1-jtag-rule.rules   60-vboxdrv.rules	     99-usb-power.rules  z010_mchp_tools.rules
50-paparazzi.rules  80-net-setup-link.rules  wis-ezusb.rules

/etc/udisks2:
udisks2.conf

/etc/ufw:
applications.d

/etc/ufw/applications.d:
openssh-server	samba

/etc/update-motd.d:
10-uname

/etc/UPower:
UPower.conf

/etc/usb_modeswitch.d:

/etc/vbox:

/etc/vim:
gvimrc	vimrc  vimrc.tiny

/etc/visualvm:
visualvm.clusters  visualvm.conf

/etc/vmware-tools:
guestproxy-ssl.conf  quiesce_manifest.xml  statechange.subr    tools.conf.dpkg-old  vgauth
poweroff-vm-default  resume-vm-default	   suspend-vm-default  tools.conf.example   vgauth.conf
poweron-vm-default   scripts		   tools.conf	       tools.conf.old	    vm-support

/etc/vmware-tools/scripts:
vmware

/etc/vmware-tools/scripts/vmware:
network

/etc/vmware-tools/vgauth:
schemas

/etc/vmware-tools/vgauth/schemas:
catalog.xml    saml-schema-assertion-2.0.xsd  xmldsig-core-schema.xsd  XMLSchema-hasFacetAndProperty.xsd  XMLSchema.xsd
datatypes.dtd  xenc-schema.xsd		      XMLSchema.dtd	       XMLSchema-instance.xsd		  xml.xsd

/etc/vulkan:
explicit_layer.d  icd.d  implicit_layer.d

/etc/vulkan/explicit_layer.d:

/etc/vulkan/icd.d:

/etc/vulkan/implicit_layer.d:

/etc/w3m:
config	mailcap

/etc/wildmidi:
wildmidi.cfg

/etc/wireshark:
init.lua

/etc/wpa_supplicant:
action_wpa.sh  functions.sh  ifupdown.sh

/etc/X11:
app-defaults		 xorg.conf		  xorg.conf.G98				       xorg.conf.qxx-00  xsm
conf			 xorg.conf.backup	  xorg.conf.jessie-current-working-2016-12-28  xorg.conf.radeon  XvMCConfig
default-display-manager  xorg.conf.basic	  xorg.conf.lab				       Xreset		 Xvnc-session
fonts			 xorg.conf.class00	  xorg.conf.nvidia			       Xreset.d		 Xwrapper.config
rgb.txt			 xorg.conf.g7		  xorg.conf.nvidia-xconfig-original	       Xresources
X			 xorg.conf.g7-00	  xorg.conf.omega			       Xsession
xinit			 xorg.conf.g7-00-nouveau  xorg.conf.optimus			       Xsession.d
xkb			 xorg.conf.g7-00-nvidia   xorg.conf.optimus-w			       Xsession.options

/etc/X11/app-defaults:
Bitmap	       Editres		KOI8RXTerm	  Viewres-color  XClock-color	 Xedit-color  XLoad	   Xmessage	   XTerm-color
Bitmap-color   Editres-color	KOI8RXTerm-color  XCalc		 XConsole	 Xfd	      XLogo	   Xmessage-color  Xvidtune
Bitmap-nocase  GV		UXTerm		  XCalc-color	 Xditview	 XFontSel     XLogo-color  XMore
Clock-color    GXditview	UXTerm-color	  XClipboard	 Xditview-chrtr  Xgc	      Xmag	   XSm
Ddd	       GXditview-color	Viewres		  XClock	 Xedit		 Xgc-color    Xman	   XTerm

/etc/X11/conf:

/etc/X11/fonts:
100dpi	75dpi  misc  Type1

/etc/X11/fonts/100dpi:
xfonts-100dpi.alias

/etc/X11/fonts/75dpi:
xfonts-75dpi.alias

/etc/X11/fonts/misc:
xfonts-base.alias

/etc/X11/fonts/Type1:
gsfonts-x11.alias  gsfonts-x11.scale  lmodern.scale  tex-gyre.scale  xfonts-scalable.scale

/etc/X11/xinit:
xinitrc  xserverrc

/etc/X11/xkb:

/etc/X11/Xreset.d:
README

/etc/X11/Xresources:
x11-common  xpdf

/etc/X11/Xsession.d:
20dbus_xdg-runtime	   40x11-common_xsessionrc	   60xbrlapi	       90qt-a11y
20x11-common_process-args  50x11-common_determine-startup  75dbus_dbus-launch  90x11-common_ssh-agent
30x11-common_xresources    54xfce4-umask		   90atk-adaptor       95dbus_update-activation-env
35x11-common_xhost-local   55xfce4-session		   90gpg-agent	       99x11-common_start

/etc/X11/xsm:
system.xsm

/etc/x2go:
applications	x2goagent.options  x2go_logout.d    x2gosql	Xsession    Xsession.options
keystrokes.cfg	x2go_logout	   x2goserver.conf  Xresources	Xsession.d

/etc/x2go/x2go_logout.d:
010_userscripts.sh

/etc/x2go/x2gosql:
passwords  sql	sql.postgres
ls: cannot open directory '/etc/x2go/x2gosql/passwords': Permission denied

/etc/xdg:
accept-languages.codes	filelightrc		   kiconthemes.categories     kwallet.categories		 solid.categories
ark.categories		kactivities.categories	   kidletime.categories       kwindowsystem.categories		 sonnet.categories
attica.categories	karchive.categories	   kinit.categories	      kwindowsystem.kwayland.categories  systemd
autostart		kauth.categories	   kio.categories	      kxmlgui.categories		 Thunar
cantor_kalgebra.knsrc	kbookmarks.categories	   kitemmodels.categories     kxmlrpcclient.categories		 tumbler
cantor.knsrc		kcodecs.categories	   kjobwidgets.categories     kxmlrpcclient.renamecategories	 ui
cantor_lua.knsrc	kconfigwidgets.categories  knewstuff.categories       menus				 user-dirs.conf
cantor_octave.knsrc	kcoreaddons.categories	   knotifications.categories  new-xfce4				 user-dirs.defaults
cantor_qalculate.knsrc	kcrash.categories	   kservice.categories	      okular.categories			 xfce4
cantor_scilab.knsrc	kdbusaddons.categories	   kshorturifilterrc	      org_kde_kwayland.categories
drkonqi.categories	kglobalaccel.categories    ktexteditor.categories     save-xfce4

/etc/xdg/autostart:
at-spi-dbus-bus.desktop				     org.gnome.SettingsDaemon.Sharing.desktop
geoclue-demo-agent.desktop			     org.gnome.SettingsDaemon.Smartcard.desktop
gnome-keyring-pkcs11.desktop			     org.gnome.SettingsDaemon.Sound.desktop
gnome-keyring-secrets.desktop			     org.gnome.SettingsDaemon.Wacom.desktop
gnome-keyring-ssh.desktop			     org.gnome.SettingsDaemon.XSettings.desktop
gsettings-data-convert.desktop			     polkit-gnome-authentication-agent-1.desktop
light-locker.desktop				     print-applet.desktop
orca-autostart.desktop				     pulseaudio.desktop
org.gnome.SettingsDaemon.A11ySettings.desktop	     tracker-extract.desktop
org.gnome.SettingsDaemon.Clipboard.desktop	     tracker-miner-apps.desktop
org.gnome.SettingsDaemon.Color.desktop		     tracker-miner-fs.desktop
org.gnome.SettingsDaemon.Datetime.desktop	     tracker-store.desktop
org.gnome.SettingsDaemon.Housekeeping.desktop	     xdg-user-dirs.desktop
org.gnome.SettingsDaemon.Keyboard.desktop	     xfce4-clipman-plugin-autostart.desktop
org.gnome.SettingsDaemon.MediaKeys.desktop	     xfce4-notes-autostart.desktop
org.gnome.SettingsDaemon.Mouse.desktop		     xfce4-power-manager.desktop
org.gnome.SettingsDaemon.Power.desktop		     xfsettingsd.desktop
org.gnome.SettingsDaemon.PrintNotifications.desktop  xscreensaver.desktop
org.gnome.SettingsDaemon.Rfkill.desktop		     zeitgeist-datahub.desktop
org.gnome.SettingsDaemon.ScreensaverProxy.desktop

/etc/xdg/menus:
gnome-applications.menu  kde-information.menu	xfce-applications.menu
kde4-applications.menu	 kf5-applications.menu	xfce-settings-manager.menu

/etc/xdg/new-xfce4:
desktop  helpers.rc  panel  terminal  xfconf  xfwm4
ls: cannot open directory '/etc/xdg/new-xfce4/desktop': Permission denied

/etc/xdg/new-xfce4/panel:
launcher-10  launcher-12  launcher-17  launcher-19  launcher-22  launcher-5  xfce4-mixer-plugin-16.rc
launcher-11  launcher-15  launcher-18  launcher-21  launcher-23  launcher-9  xfce4-orageclock-plugin-24.rc
ls: cannot open directory '/etc/xdg/new-xfce4/panel/launcher-10': Permission denied
ls: cannot open directory '/etc/xdg/new-xfce4/panel/launcher-11': Permission denied
ls: cannot open directory '/etc/xdg/new-xfce4/panel/launcher-12': Permission denied
ls: cannot open directory '/etc/xdg/new-xfce4/panel/launcher-15': Permission denied
ls: cannot open directory '/etc/xdg/new-xfce4/panel/launcher-17': Permission denied
ls: cannot open directory '/etc/xdg/new-xfce4/panel/launcher-18': Permission denied
ls: cannot open directory '/etc/xdg/new-xfce4/panel/launcher-19': Permission denied
ls: cannot open directory '/etc/xdg/new-xfce4/panel/launcher-21': Permission denied
ls: cannot open directory '/etc/xdg/new-xfce4/panel/launcher-22': Permission denied
ls: cannot open directory '/etc/xdg/new-xfce4/panel/launcher-23': Permission denied
ls: cannot open directory '/etc/xdg/new-xfce4/panel/launcher-5': Permission denied
ls: cannot open directory '/etc/xdg/new-xfce4/panel/launcher-9': Permission denied
ls: cannot open directory '/etc/xdg/new-xfce4/terminal': Permission denied

/etc/xdg/new-xfce4/xfconf:
xfce-perchannel-xml
ls: cannot open directory '/etc/xdg/new-xfce4/xfconf/xfce-perchannel-xml': Permission denied
ls: cannot open directory '/etc/xdg/new-xfce4/xfwm4': Permission denied

/etc/xdg/save-xfce4:
helpers.rc  panel  xfconf  Xft.xrdb  xinitrc

/etc/xdg/save-xfce4/panel:
default.xml  xfce4-clipman-actions.xml

/etc/xdg/save-xfce4/xfconf:
xfce-perchannel-xml

/etc/xdg/save-xfce4/xfconf/xfce-perchannel-xml:
thunar-volman.xml  xfce4-keyboard-shortcuts.xml  xfce4-panel.xml  xfce4-power-manager.xml  xfce4-session.xml  xsettings.xml

/etc/xdg/systemd:
user

/etc/xdg/Thunar:
uca.xml

/etc/xdg/tumbler:
tumbler.rc

/etc/xdg/ui:
ui_standards.rc

/etc/xdg/xfce4:
helpers.rc  panel  whiskermenu	xfconf	Xft.xrdb  xinitrc

/etc/xdg/xfce4/panel:
default.xml  xfce4-clipman-actions.xml

/etc/xdg/xfce4/whiskermenu:
defaults.rc

/etc/xdg/xfce4/xfconf:
xfce-perchannel-xml

/etc/xdg/xfce4/xfconf/xfce-perchannel-xml:
thunar-volman.xml  xfce4-keyboard-shortcuts.xml  xfce4-power-manager.xml  xfce4-session.xml  xsettings.xml

/etc/xfce4:
defaults.list

/etc/xml:
catalog		    docbook-xml.xml	 docutils-common.xml	  resolver	     w3c-dtd-xhtml.xml.old
catalog.old	    docbook-xml.xml.old  docutils-common.xml.old  sgml-data.xml      xml-core.xml
dia-common.xml	    docbook-xsl.xml	 rarian-compat.xml	  sgml-data.xml.old  xml-core.xml.old
dia-common.xml.old  docbook-xsl.xml.old  rarian-compat.xml.old	  w3c-dtd-xhtml.xml

/etc/xml/resolver:
CatalogManager.properties

/etc/xpdf:
includes  xpdfrc

/etc/zsh:
newuser.zshrc.recommended  zlogin  zlogout  zprofile  zshenv  zshrc
bestus1@remote07:~/i220a/submit/lab3/exercises$ ls /etc/ -R | e[Kwc -l
ls: cannot open directory '/etc/polkit-1/localauthority': Permission denied
ls: cannot open directory '/etc/ssl/private': Permission denied
ls: cannot open directory '/etc/systemd/system/apparmor.service.d': Permission denied
ls: cannot open directory '/etc/systemd/system/x2goserver.service.d': Permission denied
ls: cannot open directory '/etc/x2go/x2gosql/passwords': Permission denied
ls: cannot open directory '/etc/xdg/new-xfce4/desktop': Permission denied
ls: cannot open directory '/etc/xdg/new-xfce4/panel/launcher-10': Permission denied
ls: cannot open directory '/etc/xdg/new-xfce4/panel/launcher-11': Permission denied
ls: cannot open directory '/etc/xdg/new-xfce4/panel/launcher-12': Permission denied
ls: cannot open directory '/etc/xdg/new-xfce4/panel/launcher-15': Permission denied
ls: cannot open directory '/etc/xdg/new-xfce4/panel/launcher-17': Permission denied
ls: cannot open directory '/etc/xdg/new-xfce4/panel/launcher-18': Permission denied
ls: cannot open directory '/etc/xdg/new-xfce4/panel/launcher-19': Permission denied
ls: cannot open directory '/etc/xdg/new-xfce4/panel/launcher-21': Permission denied
ls: cannot open directory '/etc/xdg/new-xfce4/panel/launcher-22': Permission denied
ls: cannot open directory '/etc/xdg/new-xfce4/panel/launcher-23': Permission denied
ls: cannot open directory '/etc/xdg/new-xfce4/panel/launcher-5': Permission denied
ls: cannot open directory '/etc/xdg/new-xfce4/panel/launcher-9': Permission denied
ls: cannot open directory '/etc/xdg/new-xfce4/terminal': Permission denied
ls: cannot open directory '/etc/xdg/new-xfce4/xfconf/xfce-perchannel-xml': Permission denied
ls: cannot open directory '/etc/xdg/new-xfce4/xfwm4': Permission denied
5199
bestus1@remote07:~/i220a/submit/lab3/exercises$ man tr
[?1049h[22;0;0t[?1h=TR(1)                                                       User Commands                                                      TR(1)[m
[m
[1mNAME[0m[m
       tr - translate or delete characters[m
[m
[1mSYNOPSIS[0m[m
       [1mtr[0m [[4mOPTION[24m]... [4mSET1[24m [[4mSET2[24m][m
[m
[1mDESCRIPTION[0m[m
       Translate, squeeze, and/or delete characters from standard input, writing to standard output.[m
[m
       [1m-c[0m, [1m-C[0m, [1m--complement[0m[m
              use the complement of SET1[m
[m
       [1m-d[0m, [1m--delete[0m[m
              delete characters in SET1, do not translate[m
[m
       [1m-s[0m, [1m--squeeze-repeats[0m[m
              replace  each  sequence  of a repeated character that is listed in the last specified SET, with a single occurrence of[m
              that character[m
[m
       [1m-t[0m, [1m--truncate-set1[0m[m
              first truncate SET1 to length of SET2[m
[m
       [1m--help[0m display this help and exit[m
[m
       [1m--version[0m[m
              output version information and exit[m
[m
       SETs are specified as strings of characters.  Most represent themselves.  Interpreted sequences are:[m
[m
       \NNN   character with octal value NNN (1 to 3 octal digits)[m
[m
       \\     backslash[m
[m
       \a     audible BEL[m
[m
       \b     backspace[m
[m
       \f     form feed[m
[m
       \n     new line[m
[m
       \r     return[m
[m
       \t     horizontal tab[m
[m
       \v     vertical tab[m
[m
       CHAR1-CHAR2[m
              all characters from CHAR1 to CHAR2 in ascending order[m
[m
       [CHAR*][m
              in SET2, copies of CHAR until length of SET1[m
[m
       [CHAR*REPEAT][m
              REPEAT copies of CHAR, REPEAT octal if starting with 0[m
[m
       [:alnum:][m
              all letters and digits[m
[m
       [:alpha:][m
              all letters[m
[m
       [:blank:][m
              all horizontal whitespace[m
[m
       [:cntrl:][m
              all control characters[m
[m
       [:digit:][m
[7m Manual page tr(1) line 1 (press h for help or q to quit)[27m[K[K [KESCESC[K[[[K66[K~~[K              all digits[m
[m
       [:graph:][m
              all printable characters, not including space[m
[m
       [:lower:][m
              all lower case letters[m
[m
       [:print:][m
              all printable characters, including space[m
[m
       [:punct:][m
              all punctuation characters[m
[m
       [:space:][m
              all horizontal or vertical whitespace[m
[m
       [:upper:][m
              all upper case letters[m
[m
       [:xdigit:][m
              all hexadecimal digits[m
[m
       [=CHAR=][m
              all characters which are equivalent to CHAR[m
[m
       Translation occurs if [1m-d[0m is not given and both SET1 and SET2 appear.  [1m-t[0m may be used only when translating.  SET2 is extended[m
       to  length  of SET1 by repeating its last character as necessary.  Excess characters of SET2 are ignored.  Only [:lower:] and[m
       [:upper:] are guaranteed to expand in ascending order; used in SET2 while translating, they may only  be  used  in  pairs  to[m
       specify case conversion.  [1m-s[0m uses the last specified SET, and occurs after translation or deletion.[m
[m
[1mAUTHOR[0m[m
       Written by Jim Meyering.[m
[m
[1mREPORTING[0m [1mBUGS[0m[m
       GNU coreutils online help: <https://www.gnu.org/software/coreutils/>[m
       Report tr translation bugs to <https://translationproject.org/team/>[m
[m
[1mCOPYRIGHT[0m[m
       Copyright  Â©  2018  Free  Software  Foundation,  Inc.   License  GPLv3+:  GNU  GPL  version  3  or later <https://gnu.org/liâ€[m
       censes/gpl.html>.[m
       This is free software: you are free to change and redistribute it.  There is NO WARRANTY, to the extent permitted by law.[m
[m
[1mSEE[0m [1mALSO[0m[m
       Full documentation at: <https://www.gnu.org/software/coreutils/tr>[m
       or available locally via: info '(coreutils) tr invocation'[m
[m
GNU coreutils 8.30                                          February 2019                                                      TR(1)[m
[7m Manual page tr(1) line 49/119 (END) (press h for help or q to quit)[27m[K[K [KESCESC[K[[[K55[K~~[K[HM       \v     vertical tab[m
[HM[m
[HM       \t     horizontal tab[m
[HM[m
[HM       \r     return[m
[HM[m
[HM       \n     new line[m
[HM[m
[HM       \f     form feed[m
[HM[m
[HM       \b     backspace[m
[HM[m
[HM       \a     audible BEL[m
[HM[m
[HM       \\     backslash[m
[HM[m
[HM       \NNN   character with octal value NNN (1 to 3 octal digits)[m
[HM[m
[HM       SETs are specified as strings of characters.  Most represent themselves.  Interpreted sequences are:[m
[HM[m
[HM              output version information and exit[m
[HM       [1m--version[0m[m
[HM[m
[HM       [1m--help[0m display this help and exit[m
[HM[m
[HM              first truncate SET1 to length of SET2[m
[HM       [1m-t[0m, [1m--truncate-set1[0m[m
[HM[m
[HM              that character[m
[HM              replace  each  sequence  of a repeated character that is listed in the last specified SET, with a single occurrence of[m
[HM       [1m-s[0m, [1m--squeeze-repeats[0m[m
[HM[m
[HM              delete characters in SET1, do not translate[m
[HM       [1m-d[0m, [1m--delete[0m[m
[HM[m
[HM              use the complement of SET1[m
[HM       [1m-c[0m, [1m-C[0m, [1m--complement[0m[m
[HM[m
[HM       Translate, squeeze, and/or delete characters from standard input, writing to standard output.[m
[HM[1mDESCRIPTION[0m[m
[HM[m
[HM       [1mtr[0m [[4mOPTION[24m]... [4mSET1[24m [[4mSET2[24m][m
[HM[1mSYNOPSIS[0m[m
[HM[m
[HM       tr - translate or delete characters[m
[HM[1mNAME[0m[m
[HM[m
[HMTR(1)                                                       User Commands                                                      TR(1)[m
[72;1H[K[7m Manual page tr(1) line 1/119 51% (press h for help or q to quit)[27m[K[K[?1l>[?1049l[23;0;0tbestus1@remote07:~/i220a/submit/lab3/exercises$ ls[K[Kls | tr a-z A-Z
BIN-C.LOG
CAT.LOG
DIR
LS.LOG
T1.C
T1.S
V1.S
V.C
X.C
bestus1@remote07:~/i220a/submit/lab3/exercises$ exit
exit

Script done on 2020-09-17 13:03:55-04:00 [COMMAND_EXIT_CODE="0"]
